Archive member included because of file (symbol)

C:/Freescale/KSDK_1.2.0/lib/ksdk_mqx_lib/kds/K64F12/debug/libksdk_platform_mqx.a(fsl_uart_hal.o)
                              ./Debug_Console/fsl_debug_console.o (UART_HAL_SetBaudRate)
C:/Freescale/KSDK_1.2.0/lib/ksdk_mqx_lib/kds/K64F12/debug/libksdk_platform_mqx.a(fsl_mpu_common.o)
                              ./BSP_Files/init_bsp.o (g_mpuBase)
C:/Freescale/KSDK_1.2.0/lib/ksdk_mqx_lib/kds/K64F12/debug/libksdk_platform_mqx.a(fsl_hwtimer.o)
                              ./BSP_Files/init_bsp.o (HWTIMER_SYS_Init)
C:/Freescale/KSDK_1.2.0/lib/ksdk_mqx_lib/kds/K64F12/debug/libksdk_platform_mqx.a(fsl_hwtimer_systick.o)
                              ./BSP_Files/init_bsp.o (HWTIMER_SYS_SystickIsrAction)
C:/Freescale/KSDK_1.2.0/lib/ksdk_mqx_lib/kds/K64F12/debug/libksdk_platform_mqx.a(fsl_clock_MK64F12.o)
                              C:/Freescale/KSDK_1.2.0/lib/ksdk_mqx_lib/kds/K64F12/debug/libksdk_platform_mqx.a(fsl_hwtimer_systick.o) (CLOCK_SYS_GetCoreClockFreq)
C:/Freescale/KSDK_1.2.0/lib/ksdk_mqx_lib/kds/K64F12/debug/libksdk_platform_mqx.a(fsl_clock_manager.o)
                              C:/Freescale/KSDK_1.2.0/lib/ksdk_mqx_lib/kds/K64F12/debug/libksdk_platform_mqx.a(fsl_clock_MK64F12.o) (CLOCK_SYS_SetMcgMode)
C:/Freescale/KSDK_1.2.0/lib/ksdk_mqx_lib/kds/K64F12/debug/libksdk_platform_mqx.a(fsl_clock_manager_common.o)
                              C:/Freescale/KSDK_1.2.0/lib/ksdk_mqx_lib/kds/K64F12/debug/libksdk_platform_mqx.a(fsl_clock_MK64F12.o) (g_oscBase)
C:/Freescale/KSDK_1.2.0/lib/ksdk_mqx_lib/kds/K64F12/debug/libksdk_platform_mqx.a(fsl_os_abstraction_mqx.o)
                              C:/Freescale/KSDK_1.2.0/lib/ksdk_mqx_lib/kds/K64F12/debug/libksdk_platform_mqx.a(fsl_clock_manager.o) (OSA_MutexCreate)
C:/Freescale/KSDK_1.2.0/lib/ksdk_mqx_lib/kds/K64F12/debug/libksdk_platform_mqx.a(fsl_sim_hal_MK64F12.o)
                              C:/Freescale/KSDK_1.2.0/lib/ksdk_mqx_lib/kds/K64F12/debug/libksdk_platform_mqx.a(fsl_clock_MK64F12.o) (CLOCK_HAL_GetUsbfsDiv)
C:/Freescale/KSDK_1.2.0/lib/ksdk_mqx_lib/kds/K64F12/debug/libksdk_platform_mqx.a(fsl_rtc_common.o)
                              C:/Freescale/KSDK_1.2.0/lib/ksdk_mqx_lib/kds/K64F12/debug/libksdk_platform_mqx.a(fsl_clock_manager.o) (g_rtcBase)
C:/Freescale/KSDK_1.2.0/lib/ksdk_mqx_lib/kds/K64F12/debug/libksdk_platform_mqx.a(fsl_osc_hal.o)
                              C:/Freescale/KSDK_1.2.0/lib/ksdk_mqx_lib/kds/K64F12/debug/libksdk_platform_mqx.a(fsl_clock_manager.o) (OSC_HAL_SetCapacitor)
C:/Freescale/KSDK_1.2.0/lib/ksdk_mqx_lib/kds/K64F12/debug/libksdk_platform_mqx.a(fsl_mcg_hal.o)
                              C:/Freescale/KSDK_1.2.0/lib/ksdk_mqx_lib/kds/K64F12/debug/libksdk_platform_mqx.a(fsl_clock_MK64F12.o) (CLOCK_HAL_GetFllClk)
C:/Freescale/KSDK_1.2.0/lib/ksdk_mqx_lib/kds/K64F12/debug/libksdk_platform_mqx.a(fsl_mcg_hal_modes.o)
                              C:/Freescale/KSDK_1.2.0/lib/ksdk_mqx_lib/kds/K64F12/debug/libksdk_platform_mqx.a(fsl_clock_manager.o) (CLOCK_HAL_GetMcgMode)
C:/Freescale/KSDK_1.2.0/rtos/mqx/lib/frdmk64f.kds/debug/mqx_stdlib/lib_mqx_stdlib.a(print.o)
                              ./Debug_Console/fsl_misc_utilities.o (printf)
C:/Freescale/KSDK_1.2.0/rtos/mqx/lib/frdmk64f.kds/debug/mqx_stdlib/lib_mqx_stdlib.a(print_prv.o)
                              C:/Freescale/KSDK_1.2.0/rtos/mqx/lib/frdmk64f.kds/debug/mqx_stdlib/lib_mqx_stdlib.a(print.o) (_io_doprint)
C:/Freescale/KSDK_1.2.0/rtos/mqx/lib/frdmk64f.kds/debug/mqx_stdlib/lib_mqx_stdlib.a(put.o)
                              C:/Freescale/KSDK_1.2.0/rtos/mqx/lib/frdmk64f.kds/debug/mqx_stdlib/lib_mqx_stdlib.a(print.o) (fputc)
C:/Freescale/KSDK_1.2.0/rtos/mqx/lib/frdmk64f.kds/debug/mqx_stdlib/lib_mqx_stdlib.a(stdio.o)
                              C:/Freescale/KSDK_1.2.0/rtos/mqx/lib/frdmk64f.kds/debug/mqx_stdlib/lib_mqx_stdlib.a(print.o) (_files)
C:/Freescale/KSDK_1.2.0/rtos/mqx/lib/frdmk64f.kds/debug/mqx_stdlib/lib_mqx_stdlib.a(buf_prv.o)
                              C:/Freescale/KSDK_1.2.0/rtos/mqx/lib/frdmk64f.kds/debug/mqx_stdlib/lib_mqx_stdlib.a(put.o) (_buf_write)
C:/Freescale/KSDK_1.2.0/rtos/mqx/lib/frdmk64f.kds/debug/mqx/lib_mqx.a(nio_tty.o)
                              ./BSP_Files/init_bsp.o (nio_tty_dev_fn)
C:/Freescale/KSDK_1.2.0/rtos/mqx/lib/frdmk64f.kds/debug/mqx/lib_mqx.a(nio_serial.o)
                              ./BSP_Files/init_bsp.o (nio_serial_dev_fn)
C:/Freescale/KSDK_1.2.0/rtos/mqx/lib/frdmk64f.kds/debug/mqx/lib_mqx.a(nio_dummy.o)
                              ./BSP_Files/init_bsp.o (nio_dummy_dev_fn)
C:/Freescale/KSDK_1.2.0/rtos/mqx/lib/frdmk64f.kds/debug/mqx/lib_mqx.a(boot.o)
                              (Reset_Handler)
C:/Freescale/KSDK_1.2.0/rtos/mqx/lib/frdmk64f.kds/debug/mqx/lib_mqx.a(dispatch.o)
                              ./Sources/main.o (_task_block)
C:/Freescale/KSDK_1.2.0/rtos/mqx/lib/frdmk64f.kds/debug/mqx/lib_mqx.a(psp_iinit.o)
[...]
Memory Configuration

Name             Origin             Length             Attributes
m_interrupts     0x00000000         0x00000400         xr
m_flash_config   0x00000400         0x00000010         xr
m_text           0x00000410         0x000ffbf0         xr
m_data           0x1fff0000         0x00010000         rw
m_data_2         0x20000000         0x00030000         rw
*default*        0x00000000         0xffffffff

Linker script and memory map

                0x00000400                __stack_size__ = 0x400
                0x00000200                __heap_size__ = 0x200
LOAD ./Sources/main.o
LOAD ./KSDK_Files/board.o
LOAD ./KSDK_Files/gpio_pins.o
LOAD ./KSDK_Files/pin_mux.o
LOAD ./Debug_Console/fsl_debug_console.o
LOAD ./Debug_Console/fsl_misc_utilities.o
LOAD ./Debug_Console/print_scan.o
LOAD ./BSP_Files/init_bsp.o
LOAD ./BSP_Files/mqx_main.o
LOAD C:/Freescale/KSDK_1.2.0/lib/ksdk_mqx_lib/kds/K64F12/debug/libksdk_platform_mqx.a
LOAD C:/Freescale/KSDK_1.2.0/rtos/mqx/lib/frdmk64f.kds/debug/mqx_stdlib/lib_mqx_stdlib.a
LOAD C:/Freescale/KSDK_1.2.0/rtos/mqx/lib/frdmk64f.kds/debug/mqx/lib_mqx.a
LOAD C:\Freescale\KSDK_1.2.0\lib\ksdk_mqx_lib\kds\K64F12\debug\libksdk_platform_mqx.a
LOAD C:\Freescale\KSDK_1.2.0\rtos\mqx\lib\frdmk64f.kds\debug\mqx_stdlib\lib_mqx_stdlib.a
LOAD C:\Freescale\KSDK_1.2.0\rtos\mqx\lib\frdmk64f.kds\debug\mqx\lib_mqx.a
LOAD c:/freescale/kds_3.0.0/toolchain/bin/../lib/gcc/arm-none-eabi/4.8.4/armv7e-m/fpu\libgcc.a
LOAD c:/freescale/kds_3.0.0/toolchain/bin/../lib/gcc/arm-none-eabi/4.8.4/../../../../arm-none-eabi/lib/armv7e-m/fpu\libc.a
LOAD c:/freescale/kds_3.0.0/toolchain/bin/../lib/gcc/arm-none-eabi/4.8.4/../../../../arm-none-eabi/lib/armv7e-m/fpu\libsupc++.a
LOAD c:/freescale/kds_3.0.0/toolchain/bin/../lib/gcc/arm-none-eabi/4.8.4/../../../../arm-none-eabi/lib/armv7e-m/fpu\libm.a
LOAD c:/freescale/kds_3.0.0/toolchain/bin/../lib/gcc/arm-none-eabi/4.8.4/../../../../arm-none-eabi/lib/armv7e-m/fpu\libnosys.a
                0x00000400                HEAP_SIZE = DEFINED (__heap_size__)?__heap_size__:0x400
                0x00000400                STACK_SIZE = DEFINED (__stack_size__)?__stack_size__:0x400
                0x00000000                M_VECTOR_RAM_SIZE = DEFINED (__ram_vector_table__)?0x400:0x0

.interrupts     0x00000000      0x400
                0x00000000                __VECTOR_TABLE = .
                0x00000000                . = ALIGN (0x4)
 *(.isr_vector)
 .isr_vector    0x00000000      0x400 C:/Freescale/KSDK_1.2.0/rtos/mqx/lib/frdmk64f.kds/debug/mqx/lib_mqx.a(startup_MK64F12.o)
                0x00000000                __isr_vector
                0x00000400                . = ALIGN (0x4)

.flash_config   0x00000400       0x10
                0x00000400                . = ALIGN (0x4)
 *(.FlashConfig)
 .FlashConfig   0x00000400       0x10 C:/Freescale/KSDK_1.2.0/rtos/mqx/lib/frdmk64f.kds/debug/mqx/lib_mqx.a(startup_MK64F12.o)
                0x00000410                . = ALIGN (0x4)

.text           0x00000410     0xb644
                0x00000410                . = ALIGN (0x4)
 *(.text)
 .text          0x00000410       0x60 C:/Freescale/KSDK_1.2.0/rtos/mqx/lib/frdmk64f.kds/debug/mqx/lib_mqx.a(boot.o)
                0x00000410                Reset_Handler
                0x00000444                DefaultISR
                0x00000448                SysTick_Handler
                0x0000044c                HardFault_Handler
                0x00000450                MemManage_Handler
                0x00000454                BusFault_Handler
                0x00000458                UsageFault_Handler
                0x0000045c                DebugMon_Handler
 .text          0x00000470      0x2d0 C:/Freescale/KSDK_1.2.0/rtos/mqx/lib/frdmk64f.kds/debug/mqx/lib_mqx.a(dispatch.o)
                0x00000470                _sched_start_internal
                0x00000490                _sched_run_internal
                0x00000496                _sched_check_scheduler_internal
                0x000004b4                _sched_execute_scheduler_internal
                0x000004b8                _mqx_api_call
                0x000004bc                _task_block
                0x000004c0                SVC_Handler
                0x00000542                PendSV_Handler
                0x00000608                _int_kernel_isr
                0x000006b8                _psp_save_fp_context_internal
                0x000006ec                _mem_test_and_set
                0x0000070a                __get_PSR
                0x00000710                __enable_interrupt
                0x00000714                __disable_interrupt
                0x00000718                __get_CONTROL
 .text          0x00000740       0x14 C:/Freescale/KSDK_1.2.0/rtos/mqx/lib/frdmk64f.kds/debug/mqx/lib_mqx.a(startup_MK64F12.o)
                0x00000750                CAN0_Rx_Warning_IRQHandler
                0x00000750                I2C0_IRQHandler
                0x00000750                UART3_RX_TX_IRQHandler
                0x00000750                NMI_Handler
                0x00000750                UART0_RX_TX_IRQHandler
                0x00000750                I2C1_IRQHandler
                0x00000750                DMA2_IRQHandler
                0x00000750                ENET_Error_IRQHandler
                0x00000750                CAN0_Tx_Warning_IRQHandler
                0x00000750                PIT0_IRQHandler
                0x00000750                CAN0_ORed_Message_buffer_IRQHandler
                0x00000750                CMP2_IRQHandler
                0x00000750                LLWU_IRQHandler
                0x00000750                ENET_Receive_IRQHandler
                0x00000750                ENET_1588_Timer_IRQHandler
                0x00000750                UART2_RX_TX_IRQHandler
                0x00000750                SWI_IRQHandler
                0x00000750                ADC0_IRQHandler
                0x00000750                I2S0_Tx_IRQHandler
                0x00000750                CMT_IRQHandler
                0x00000750                UART4_RX_TX_IRQHandler
                0x00000750                SPI1_IRQHandler
                0x00000750                DMA9_IRQHandler
                0x00000750                DMA14_IRQHandler
                0x00000750                CMP1_IRQHandler
                0x00000750                Reserved71_IRQHandler
                0x00000750                PORTD_IRQHandler
                0x00000750                PORTB_IRQHandler
                0x00000750                UART4_ERR_IRQHandler
                0x00000750                ADC1_IRQHandler
                0x00000750                I2C2_IRQHandler
                0x00000750                PIT2_IRQHandler
                0x00000750                I2S0_Rx_IRQHandler
                0x00000750                DMA5_IRQHandler
                0x00000750                RTC_IRQHandler
                0x00000750                PDB0_IRQHandler
                0x00000750                FTM1_IRQHandler
                0x00000750                UART5_RX_TX_IRQHandler
                0x00000750                UART3_ERR_IRQHandler
                0x00000750                PIT3_IRQHandler
                0x00000750                SDHC_IRQHandler
                0x00000750                RTC_Seconds_IRQHandler
                0x00000750                MCG_IRQHandler
                0x00000750                FTFE_IRQHandler
                0x00000750                UART2_ERR_IRQHandler
                0x00000750                DMA11_IRQHandler
                0x00000750                UART5_ERR_IRQHandler
                0x00000750                Read_Collision_IRQHandler
                0x00000750                DMA7_IRQHandler
                0x00000750                ENET_Transmit_IRQHandler
                0x00000750                USBDCD_IRQHandler
                0x00000750                USB0_IRQHandler
                0x00000750                SPI2_IRQHandler
                0x00000750                WDOG_EWM_IRQHandler
                0x00000750                DMA13_IRQHandler
                0x00000750                DMA3_IRQHandler
                0x00000750                UART0_LON_IRQHandler
                0x00000750                RNG_IRQHandler
                0x00000750                DMA0_IRQHandler
                0x00000750                DMA15_IRQHandler
                0x00000750                DAC0_IRQHandler
                0x00000750                CAN0_Error_IRQHandler
                0x00000750                DMA4_IRQHandler
                0x00000750                PIT1_IRQHandler
                0x00000750                UART0_ERR_IRQHandler
                0x00000750                DMA_Error_IRQHandler
                0x00000750                LVD_LVW_IRQHandler
                0x00000750                SPI0_IRQHandler
                0x00000750                FTM0_IRQHandler
                0x00000750                PORTA_IRQHandler
                0x00000750                DAC1_IRQHandler
                0x00000750                MCM_IRQHandler
                0x00000750                DMA12_IRQHandler
                0x00000750                CAN0_Bus_Off_IRQHandler
                0x00000750                FTM3_IRQHandler
                0x00000750                PORTE_IRQHandler
                0x00000750                FTM2_IRQHandler
                0x00000750                LPTMR0_IRQHandler
                0x00000750                DMA8_IRQHandler
                0x00000750                DMA10_IRQHandler
                0x00000750                CAN0_Wake_Up_IRQHandler
                0x00000750                UART1_ERR_IRQHandler
                0x00000750                UART1_RX_TX_IRQHandler
                0x00000750                CMP0_IRQHandler
                0x00000750                PORTC_IRQHandler
                0x00000750                DMA6_IRQHandler
                0x00000750                DMA1_IRQHandler
 .text          0x00000754       0x2c c:/freescale/kds_3.0.0/toolchain/bin/../lib/gcc/arm-none-eabi/4.8.4/armv7e-m/fpu\libgcc.a(_aeabi_uldivmod.o)
                0x00000754                __aeabi_uldivmod
 .text          0x00000780       0x60 c:/freescale/kds_3.0.0/toolchain/bin/../lib/gcc/arm-none-eabi/4.8.4/armv7e-m/fpu\libgcc.a(bpabi.o)
                0x00000780                __gnu_ldivmod_helper
                0x000007b0                __gnu_uldivmod_helper
 .text          0x000007e0        0x4 c:/freescale/kds_3.0.0/toolchain/bin/../lib/gcc/arm-none-eabi/4.8.4/armv7e-m/fpu\libgcc.a(_dvmd_tls.o)
                0x000007e0                __aeabi_idiv0
                0x000007e0                __aeabi_ldiv0
 .text          0x000007e4      0x298 c:/freescale/kds_3.0.0/toolchain/bin/../lib/gcc/arm-none-eabi/4.8.4/armv7e-m/fpu\libgcc.a(_divdi3.o)
                0x000007e4                __divdi3
 .text          0x00000a7c      0x284 c:/freescale/kds_3.0.0/toolchain/bin/../lib/gcc/arm-none-eabi/4.8.4/armv7e-m/fpu\libgcc.a(_udivdi3.o)
                0x00000a7c                __udivdi3
 .text          0x00000d00      0x134 c:/freescale/kds_3.0.0/toolchain/bin/../lib/gcc/arm-none-eabi/4.8.4/../../../../arm-none-eabi/lib/armv7e-m/fpu\libc.a(lib_a-memcpy.o)
                0x00000d00                memcpy
 *(.text*)
 .text.world_task
                0x00000e34       0x3c ./Sources/main.o
                0x00000e34                world_task
 .text.hello_task
                0x00000e70       0x1c ./Sources/main.o
                0x00000e70                hello_task
 .text.PORT_HAL_SetMuxMode
                0x00000e8c       0x58 ./KSDK_Files/board.o
 .text.SMC_HAL_SetProtection
                0x00000ee4       0x1c ./KSDK_Files/board.o
 .text.BOARD_InitOsc0
                0x00000f00       0x3c ./KSDK_Files/board.o
                0x00000f00                BOARD_InitOsc0
 .text.BOARD_InitRtcOsc
                0x00000f3c       0x24 ./KSDK_Files/board.o
                0x00000f3c                BOARD_InitRtcOsc
 .text.BOARD_ClockInit
                0x00000f60       0x34 ./KSDK_Files/board.o
                0x00000f60                BOARD_ClockInit
 .text.PORT_HAL_SetMuxMode
                0x00000f94       0x58 ./KSDK_Files/pin_mux.o
 .text.configure_uart_pins
                0x00000fec       0x50 ./KSDK_Files/pin_mux.o
                0x00000fec                configure_uart_pins
 .text._write   0x0000103c       0x58 ./Debug_Console/fsl_debug_console.o
                0x0000103c                _write
 .text._read    0x00001094       0x44 ./Debug_Console/fsl_debug_console.o
                0x00001094                _read
 .text._sbrk    0x000010d8       0x5c ./Debug_Console/fsl_misc_utilities.o
                0x000010d8                _sbrk
 .text.NVIC_SetPriority
                0x00001134       0x54 ./BSP_Files/init_bsp.o
 .text.MPU_HAL_Disable
                0x00001188       0x20 ./BSP_Files/init_bsp.o
 .text.hardware_init
                0x000011a8       0x2c ./BSP_Files/init_bsp.o
                0x000011a8                hardware_init
 .text._bsp_nio_stdio_install
                0x000011d4      0x16c ./BSP_Files/init_bsp.o
                0x000011d4                _bsp_nio_stdio_install
 .text._bsp_pre_init
                0x00001340       0xf0 ./BSP_Files/init_bsp.o
                0x00001340                _bsp_pre_init
 .text._bsp_init
                0x00001430       0x3c ./BSP_Files/init_bsp.o
                0x00001430                _bsp_init
 .text._bsp_get_hwticks
                0x0000146c       0x24 ./BSP_Files/init_bsp.o
 .text.main     0x00001490       0x14 ./BSP_Files/mqx_main.o
                0x00001490                main
 .text.UART_HAL_Init
                0x000014a4       0x2a C:/Freescale/KSDK_1.2.0/lib/ksdk_mqx_lib/kds/K64F12/debug/libksdk_platform_mqx.a(fsl_uart_hal.o)
                0x000014a4                UART_HAL_Init
 .text.UART_HAL_SetBaudRate
                0x000014ce       0x42 C:/Freescale/KSDK_1.2.0/lib/ksdk_mqx_lib/kds/K64F12/debug/libksdk_platform_mqx.a(fsl_uart_hal.o)
                0x000014ce                UART_HAL_SetBaudRate
 .text.UART_HAL_SetParityMode
                0x00001510       0x14 C:/Freescale/KSDK_1.2.0/lib/ksdk_mqx_lib/kds/K64F12/debug/libksdk_platform_mqx.a(fsl_uart_hal.o)
                0x00001510                UART_HAL_SetParityMode
 .text.UART_HAL_Putchar
                0x00001524        0x6 C:/Freescale/KSDK_1.2.0/lib/ksdk_mqx_lib/kds/K64F12/debug/libksdk_platform_mqx.a(fsl_uart_hal.o)
                0x00001524                UART_HAL_Putchar
 .text.UART_HAL_Getchar
                0x0000152a        0x8 C:/Freescale/KSDK_1.2.0/lib/ksdk_mqx_lib/kds/K64F12/debug/libksdk_platform_mqx.a(fsl_uart_hal.o)
                0x0000152a                UART_HAL_Getchar
 .text.UART_HAL_SetIntMode
                0x00001532       0x68 C:/Freescale/KSDK_1.2.0/lib/ksdk_mqx_lib/kds/K64F12/debug/libksdk_platform_mqx.a(fsl_uart_hal.o)
                0x00001532                UART_HAL_SetIntMode
 .text.UART_HAL_GetStatusFlag
                0x0000159a       0x2a C:/Freescale/KSDK_1.2.0/lib/ksdk_mqx_lib/kds/K64F12/debug/libksdk_platform_mqx.a(fsl_uart_hal.o)
                0x0000159a                UART_HAL_GetStatusFlag
 .text.UART_HAL_ClearStatusFlag
                0x000015c4       0x64 C:/Freescale/KSDK_1.2.0/lib/ksdk_mqx_lib/kds/K64F12/debug/libksdk_platform_mqx.a(fsl_uart_hal.o)
                0x000015c4                UART_HAL_ClearStatusFlag
 .text.UART_HAL_SetTxFifoCmd
                0x00001628       0x24 C:/Freescale/KSDK_1.2.0/lib/ksdk_mqx_lib/kds/K64F12/debug/libksdk_platform_mqx.a(fsl_uart_hal.o)
                0x00001628                UART_HAL_SetTxFifoCmd
 .text.UART_HAL_SetRxFifoCmd
                0x0000164c       0x24 C:/Freescale/KSDK_1.2.0/lib/ksdk_mqx_lib/kds/K64F12/debug/libksdk_platform_mqx.a(fsl_uart_hal.o)
                0x0000164c                UART_HAL_SetRxFifoCmd
 .text.UART_HAL_FlushTxFifo
                0x00001670       0x24 C:/Freescale/KSDK_1.2.0/lib/ksdk_mqx_lib/kds/K64F12/debug/libksdk_platform_mqx.a(fsl_uart_hal.o)
                0x00001670                UART_HAL_FlushTxFifo
 .text.UART_HAL_FlushRxFifo
                0x00001694       0x24 C:/Freescale/KSDK_1.2.0/lib/ksdk_mqx_lib/kds/K64F12/debug/libksdk_platform_mqx.a(fsl_uart_hal.o)
                0x00001694                UART_HAL_FlushRxFifo
 .text.UART_HAL_SetTxFifoWatermark
                0x000016b8       0x1a C:/Freescale/KSDK_1.2.0/lib/ksdk_mqx_lib/kds/K64F12/debug/libksdk_platform_mqx.a(fsl_uart_hal.o)
                0x000016b8                UART_HAL_SetTxFifoWatermark
 .text.UART_HAL_SetRxFifoWatermark
                0x000016d2       0x1a C:/Freescale/KSDK_1.2.0/lib/ksdk_mqx_lib/kds/K64F12/debug/libksdk_platform_mqx.a(fsl_uart_hal.o)
                0x000016d2                UART_HAL_SetRxFifoWatermark
 .text.HWTIMER_SYS_Init
                0x000016ec       0x48 C:/Freescale/KSDK_1.2.0/lib/ksdk_mqx_lib/kds/K64F12/debug/libksdk_platform_mqx.a(fsl_hwtimer.o)
                0x000016ec                HWTIMER_SYS_Init
 .text.HWTIMER_SYS_Deinit
                0x00001734       0x68 C:/Freescale/KSDK_1.2.0/lib/ksdk_mqx_lib/kds/K64F12/debug/libksdk_platform_mqx.a(fsl_hwtimer.o)
                0x00001734                HWTIMER_SYS_Deinit
 .text.HWTIMER_SYS_SetPeriod
                0x0000179c       0x34 C:/Freescale/KSDK_1.2.0/lib/ksdk_mqx_lib/kds/K64F12/debug/libksdk_platform_mqx.a(fsl_hwtimer.o)
                0x0000179c                HWTIMER_SYS_SetPeriod
 .text.HWTIMER_SYS_Start
                0x000017d0       0x30 C:/Freescale/KSDK_1.2.0/lib/ksdk_mqx_lib/kds/K64F12/debug/libksdk_platform_mqx.a(fsl_hwtimer.o)
                0x000017d0                HWTIMER_SYS_Start
 .text.HWTIMER_SYS_GetModulo
                0x00001800        0x6 C:/Freescale/KSDK_1.2.0/lib/ksdk_mqx_lib/kds/K64F12/debug/libksdk_platform_mqx.a(fsl_hwtimer.o)
                0x00001800                HWTIMER_SYS_GetModulo
 *fill*         0x00001806        0x2 
 .text.HWTIMER_SYS_GetTime
                0x00001808       0x34 C:/Freescale/KSDK_1.2.0/lib/ksdk_mqx_lib/kds/K64F12/debug/libksdk_platform_mqx.a(fsl_hwtimer.o)
                0x00001808                HWTIMER_SYS_GetTime
 .text.HWTIMER_SYS_RegisterCallback
                0x0000183c       0x14 C:/Freescale/KSDK_1.2.0/lib/ksdk_mqx_lib/kds/K64F12/debug/libksdk_platform_mqx.a(fsl_hwtimer.o)
                0x0000183c                HWTIMER_SYS_RegisterCallback
 .text.HWTIMER_SYS_SystickGetTime
                0x00001850       0x88 C:/Freescale/KSDK_1.2.0/lib/ksdk_mqx_lib/kds/K64F12/debug/libksdk_platform_mqx.a(fsl_hwtimer_systick.o)
 .text.HWTIMER_SYS_SystickStop
                0x000018d8       0x2c C:/Freescale/KSDK_1.2.0/lib/ksdk_mqx_lib/kds/K64F12/debug/libksdk_platform_mqx.a(fsl_hwtimer_systick.o)
 .text.HWTIMER_SYS_SystickStart
                0x00001904       0x34 C:/Freescale/KSDK_1.2.0/lib/ksdk_mqx_lib/kds/K64F12/debug/libksdk_platform_mqx.a(fsl_hwtimer_systick.o)
 .text.HWTIMER_SYS_SystickDeinit
                0x00001938       0x34 C:/Freescale/KSDK_1.2.0/lib/ksdk_mqx_lib/kds/K64F12/debug/libksdk_platform_mqx.a(fsl_hwtimer_systick.o)
 .text.HWTIMER_SYS_SystickInit
                0x0000196c       0x3c C:/Freescale/KSDK_1.2.0/lib/ksdk_mqx_lib/kds/K64F12/debug/libksdk_platform_mqx.a(fsl_hwtimer_systick.o)
 .text.HWTIMER_SYS_SystickSetDiv
                0x000019a8       0x80 C:/Freescale/KSDK_1.2.0/lib/ksdk_mqx_lib/kds/K64F12/debug/libksdk_platform_mqx.a(fsl_hwtimer_systick.o)
 .text.HWTIMER_SYS_SystickIsrAction
                0x00001a28       0x3c C:/Freescale/KSDK_1.2.0/lib/ksdk_mqx_lib/kds/K64F12/debug/libksdk_platform_mqx.a(fsl_hwtimer_systick.o)
                0x00001a28                HWTIMER_SYS_SystickIsrAction
 .text.SIM_HAL_GetGateCmd.constprop.10
                0x00001a64       0x14 C:/Freescale/KSDK_1.2.0/lib/ksdk_mqx_lib/kds/K64F12/debug/libksdk_platform_mqx.a(fsl_clock_MK64F12.o)
 .text.SIM_HAL_DisableClock.constprop.11
                0x00001a78       0x10 C:/Freescale/KSDK_1.2.0/lib/ksdk_mqx_lib/kds/K64F12/debug/libksdk_platform_mqx.a(fsl_clock_MK64F12.o)
 .text.SIM_HAL_EnableClock.constprop.12
                0x00001a88       0x10 C:/Freescale/KSDK_1.2.0/lib/ksdk_mqx_lib/kds/K64F12/debug/libksdk_platform_mqx.a(fsl_clock_MK64F12.o)
 .text.CLOCK_SYS_GetCoreClockFreq
                0x00001a98       0x24 C:/Freescale/KSDK_1.2.0/lib/ksdk_mqx_lib/kds/K64F12/debug/libksdk_platform_mqx.a(fsl_clock_MK64F12.o)
                0x00001a98                CLOCK_SYS_GetCoreClockFreq
 .text.CLOCK_SYS_SetConfiguration
                0x00001abc       0x94 C:/Freescale/KSDK_1.2.0/lib/ksdk_mqx_lib/kds/K64F12/debug/libksdk_platform_mqx.a(fsl_clock_MK64F12.o)
                0x00001abc                CLOCK_SYS_SetConfiguration
 .text.CLOCK_SYS_FllStableDelay
                0x00001b50       0x1a C:/Freescale/KSDK_1.2.0/lib/ksdk_mqx_lib/kds/K64F12/debug/libksdk_platform_mqx.a(fsl_clock_MK64F12.o)
 *fill*         0x00001b6a        0x2 
 .text.CLOCK_SYS_GetSystemClockFreq
                0x00001b6c       0x24 C:/Freescale/KSDK_1.2.0/lib/ksdk_mqx_lib/kds/K64F12/debug/libksdk_platform_mqx.a(fsl_clock_MK64F12.o)
                0x00001b6c                CLOCK_SYS_GetSystemClockFreq
 .text.CLOCK_SYS_GetBusClockFreq
                0x00001b90       0x24 C:/Freescale/KSDK_1.2.0/lib/ksdk_mqx_lib/kds/K64F12/debug/libksdk_platform_mqx.a(fsl_clock_MK64F12.o)
                0x00001b90                CLOCK_SYS_GetBusClockFreq
 .text.CLOCK_SYS_GetUartFreq
                0x00001bb4       0x1a C:/Freescale/KSDK_1.2.0/lib/ksdk_mqx_lib/kds/K64F12/debug/libksdk_platform_mqx.a(fsl_clock_MK64F12.o)
                0x00001bb4                CLOCK_SYS_GetUartFreq
 *fill*         0x00001bce        0x2 
 .text.CLOCK_SYS_EnablePortClock
                0x00001bd0       0x30 C:/Freescale/KSDK_1.2.0/lib/ksdk_mqx_lib/kds/K64F12/debug/libksdk_platform_mqx.a(fsl_clock_MK64F12.o)
                0x00001bd0                CLOCK_SYS_EnablePortClock
 .text.CLOCK_SYS_EnableUartClock
                0x00001c00       0x30 C:/Freescale/KSDK_1.2.0/lib/ksdk_mqx_lib/kds/K64F12/debug/libksdk_platform_mqx.a(fsl_clock_MK64F12.o)
                0x00001c00                CLOCK_SYS_EnableUartClock
 .text.CLOCK_SYS_DisableUartClock
                0x00001c30       0x30 C:/Freescale/KSDK_1.2.0/lib/ksdk_mqx_lib/kds/K64F12/debug/libksdk_platform_mqx.a(fsl_clock_MK64F12.o)
                0x00001c30                CLOCK_SYS_DisableUartClock
 .text.CLOCK_SYS_GetUartGateCmd
                0x00001c60       0x30 C:/Freescale/KSDK_1.2.0/lib/ksdk_mqx_lib/kds/K64F12/debug/libksdk_platform_mqx.a(fsl_clock_MK64F12.o)
                0x00001c60                CLOCK_SYS_GetUartGateCmd
 .text.CLOCK_SYS_SetMcgPeeToFbe
                0x00001c90       0x38 C:/Freescale/KSDK_1.2.0/lib/ksdk_mqx_lib/kds/K64F12/debug/libksdk_platform_mqx.a(fsl_clock_manager.o)
 .text.CLOCK_SYS_SetMcgMode
                0x00001cc8      0x12c C:/Freescale/KSDK_1.2.0/lib/ksdk_mqx_lib/kds/K64F12/debug/libksdk_platform_mqx.a(fsl_clock_manager.o)
                0x00001cc8                CLOCK_SYS_SetMcgMode
 .text.CLOCK_SYS_SetOscerConfigration
                0x00001df4       0x1c C:/Freescale/KSDK_1.2.0/lib/ksdk_mqx_lib/kds/K64F12/debug/libksdk_platform_mqx.a(fsl_clock_manager.o)
                0x00001df4                CLOCK_SYS_SetOscerConfigration
 .text.CLOCK_SYS_OscInit
                0x00001e10       0x98 C:/Freescale/KSDK_1.2.0/lib/ksdk_mqx_lib/kds/K64F12/debug/libksdk_platform_mqx.a(fsl_clock_manager.o)
                0x00001e10                CLOCK_SYS_OscInit
 .text.CLOCK_SYS_RtcOscInit
                0x00001ea8       0x68 C:/Freescale/KSDK_1.2.0/lib/ksdk_mqx_lib/kds/K64F12/debug/libksdk_platform_mqx.a(fsl_clock_manager.o)
                0x00001ea8                CLOCK_SYS_RtcOscInit
 .text.wait_timeout_msec_to_tick
                0x00001f10       0x22 C:/Freescale/KSDK_1.2.0/lib/ksdk_mqx_lib/kds/K64F12/debug/libksdk_platform_mqx.a(fsl_os_abstraction_mqx.o)
 .text.OSA_TaskYield
                0x00001f32        0xa C:/Freescale/KSDK_1.2.0/lib/ksdk_mqx_lib/kds/K64F12/debug/libksdk_platform_mqx.a(fsl_os_abstraction_mqx.o)
                0x00001f32                OSA_TaskYield
 .text.OSA_SemaCreate
                0x00001f3c        0xe C:/Freescale/KSDK_1.2.0/lib/ksdk_mqx_lib/kds/K64F12/debug/libksdk_platform_mqx.a(fsl_os_abstraction_mqx.o)
                0x00001f3c                OSA_SemaCreate
 .text.OSA_SemaWait
                0x00001f4a       0x30 C:/Freescale/KSDK_1.2.0/lib/ksdk_mqx_lib/kds/K64F12/debug/libksdk_platform_mqx.a(fsl_os_abstraction_mqx.o)
                0x00001f4a                OSA_SemaWait
 .text.OSA_SemaPost
                0x00001f7a        0xe C:/Freescale/KSDK_1.2.0/lib/ksdk_mqx_lib/kds/K64F12/debug/libksdk_platform_mqx.a(fsl_os_abstraction_mqx.o)
                0x00001f7a                OSA_SemaPost
 .text.OSA_SemaDestroy
                0x00001f88        0xe C:/Freescale/KSDK_1.2.0/lib/ksdk_mqx_lib/kds/K64F12/debug/libksdk_platform_mqx.a(fsl_os_abstraction_mqx.o)
                0x00001f88                OSA_SemaDestroy
 .text.OSA_MutexCreate
                0x00001f96       0x1a C:/Freescale/KSDK_1.2.0/lib/ksdk_mqx_lib/kds/K64F12/debug/libksdk_platform_mqx.a(fsl_os_abstraction_mqx.o)
                0x00001f96                OSA_MutexCreate
 .text.OSA_MutexLock
                0x00001fb0       0x84 C:/Freescale/KSDK_1.2.0/lib/ksdk_mqx_lib/kds/K64F12/debug/libksdk_platform_mqx.a(fsl_os_abstraction_mqx.o)
                0x00001fb0                OSA_MutexLock
 .text.OSA_MutexUnlock
                0x00002034       0x50 C:/Freescale/KSDK_1.2.0/lib/ksdk_mqx_lib/kds/K64F12/debug/libksdk_platform_mqx.a(fsl_os_abstraction_mqx.o)
                0x00002034                OSA_MutexUnlock
 .text.OSA_MutexDestroy
                0x00002084       0x3c C:/Freescale/KSDK_1.2.0/lib/ksdk_mqx_lib/kds/K64F12/debug/libksdk_platform_mqx.a(fsl_os_abstraction_mqx.o)
                0x00002084                OSA_MutexDestroy
 .text.OSA_MemAlloc
                0x000020c0        0x4 C:/Freescale/KSDK_1.2.0/lib/ksdk_mqx_lib/kds/K64F12/debug/libksdk_platform_mqx.a(fsl_os_abstraction_mqx.o)
                0x000020c0                OSA_MemAlloc
 .text.OSA_MemAllocZero
                0x000020c4        0x4 C:/Freescale/KSDK_1.2.0/lib/ksdk_mqx_lib/kds/K64F12/debug/libksdk_platform_mqx.a(fsl_os_abstraction_mqx.o)
                0x000020c4                OSA_MemAllocZero
 .text.OSA_MemFree
                0x000020c8        0xe C:/Freescale/KSDK_1.2.0/lib/ksdk_mqx_lib/kds/K64F12/debug/libksdk_platform_mqx.a(fsl_os_abstraction_mqx.o)
                0x000020c8                OSA_MemFree
 .text.OSA_EnterCritical
                0x000020d6        0xc C:/Freescale/KSDK_1.2.0/lib/ksdk_mqx_lib/kds/K64F12/debug/libksdk_platform_mqx.a(fsl_os_abstraction_mqx.o)
                0x000020d6                OSA_EnterCritical
 .text.OSA_ExitCritical
                0x000020e2        0xc C:/Freescale/KSDK_1.2.0/lib/ksdk_mqx_lib/kds/K64F12/debug/libksdk_platform_mqx.a(fsl_os_abstraction_mqx.o)
                0x000020e2                OSA_ExitCritical
 .text.OSA_TimeDelay
                0x000020ee        0x4 C:/Freescale/KSDK_1.2.0/lib/ksdk_mqx_lib/kds/K64F12/debug/libksdk_platform_mqx.a(fsl_os_abstraction_mqx.o)
                0x000020ee                OSA_TimeDelay
 .text.OSA_InstallIntHandler
                0x000020f2        0x6 C:/Freescale/KSDK_1.2.0/lib/ksdk_mqx_lib/kds/K64F12/debug/libksdk_platform_mqx.a(fsl_os_abstraction_mqx.o)
                0x000020f2                OSA_InstallIntHandler
 .text.CLOCK_HAL_SetOutDiv
                0x000020f8       0x28 C:/Freescale/KSDK_1.2.0/lib/ksdk_mqx_lib/kds/K64F12/debug/libksdk_platform_mqx.a(fsl_sim_hal_MK64F12.o)
                0x000020f8                CLOCK_HAL_SetOutDiv
 .text.OSC_HAL_SetCapacitor
                0x00002120        0xe C:/Freescale/KSDK_1.2.0/lib/ksdk_mqx_lib/kds/K64F12/debug/libksdk_platform_mqx.a(fsl_osc_hal.o)
                0x00002120                OSC_HAL_SetCapacitor
 *fill*         0x0000212e        0x2 
 .text.CLOCK_HAL_TestOscFreq
                0x00002130       0x28 C:/Freescale/KSDK_1.2.0/lib/ksdk_mqx_lib/kds/K64F12/debug/libksdk_platform_mqx.a(fsl_mcg_hal.o)
                0x00002130                CLOCK_HAL_TestOscFreq
 .text.CLOCK_HAL_GetMcgExternalClkFreq
                0x00002158        0xa C:/Freescale/KSDK_1.2.0/lib/ksdk_mqx_lib/kds/K64F12/debug/libksdk_platform_mqx.a(fsl_mcg_hal.o)
 .text.CLOCK_HAL_TestFllExternalRefFreq
                0x00002162       0x32 C:/Freescale/KSDK_1.2.0/lib/ksdk_mqx_lib/kds/K64F12/debug/libksdk_platform_mqx.a(fsl_mcg_hal.o)
                0x00002162                CLOCK_HAL_TestFllExternalRefFreq
 .text.CLOCK_HAL_GetFllRefClk
                0x00002194       0x3c C:/Freescale/KSDK_1.2.0/lib/ksdk_mqx_lib/kds/K64F12/debug/libksdk_platform_mqx.a(fsl_mcg_hal.o)
                0x00002194                CLOCK_HAL_GetFllRefClk
 .text.CLOCK_HAL_TestFllFreq
                0x000021d0       0x34 C:/Freescale/KSDK_1.2.0/lib/ksdk_mqx_lib/kds/K64F12/debug/libksdk_platform_mqx.a(fsl_mcg_hal.o)
                0x000021d0                CLOCK_HAL_TestFllFreq
 .text.CLOCK_HAL_GetFllClk
                0x00002204       0x36 C:/Freescale/KSDK_1.2.0/lib/ksdk_mqx_lib/kds/K64F12/debug/libksdk_platform_mqx.a(fsl_mcg_hal.o)
                0x00002204                CLOCK_HAL_GetFllClk
 .text.CLOCK_HAL_UpdateFastClkInternalRefDiv
                0x0000223a       0x58 C:/Freescale/KSDK_1.2.0/lib/ksdk_mqx_lib/kds/K64F12/debug/libksdk_platform_mqx.a(fsl_mcg_hal.o)
                0x0000223a                CLOCK_HAL_UpdateFastClkInternalRefDiv
 .text.CLOCK_HAL_GetPll0Clk
                0x00002292       0x3e C:/Freescale/KSDK_1.2.0/lib/ksdk_mqx_lib/kds/K64F12/debug/libksdk_platform_mqx.a(fsl_mcg_hal.o)
                0x00002292                CLOCK_HAL_GetPll0Clk
 .text.CLOCK_HAL_EnablePll0InFllMode
                0x000022d0       0x3a C:/Freescale/KSDK_1.2.0/lib/ksdk_mqx_lib/kds/K64F12/debug/libksdk_platform_mqx.a(fsl_mcg_hal.o)
                0x000022d0                CLOCK_HAL_EnablePll0InFllMode
 *fill*         0x0000230a        0x2 
 .text.CLOCK_HAL_GetInternalRefClk
                0x0000230c       0x3c C:/Freescale/KSDK_1.2.0/lib/ksdk_mqx_lib/kds/K64F12/debug/libksdk_platform_mqx.a(fsl_mcg_hal.o)
                0x0000230c                CLOCK_HAL_GetInternalRefClk
 .text.CLOCK_HAL_GetOutClk
                0x00002348       0x22 C:/Freescale/KSDK_1.2.0/lib/ksdk_mqx_lib/kds/K64F12/debug/libksdk_platform_mqx.a(fsl_mcg_hal.o)
                0x00002348                CLOCK_HAL_GetOutClk
 .text.CLOCK_HAL_SetOsc0Mode
                0x0000236a       0x24 C:/Freescale/KSDK_1.2.0/lib/ksdk_mqx_lib/kds/K64F12/debug/libksdk_platform_mqx.a(fsl_mcg_hal.o)
                0x0000236a                CLOCK_HAL_SetOsc0Mode
 .text.CLOCK_HAL_PrepareOsc
                0x0000238e       0x2c C:/Freescale/KSDK_1.2.0/lib/ksdk_mqx_lib/kds/K64F12/debug/libksdk_platform_mqx.a(fsl_mcg_hal_modes.o)
 .text.CLOCK_HAL_GetMcgMode
                0x000023ba       0x76 C:/Freescale/KSDK_1.2.0/lib/ksdk_mqx_lib/kds/K64F12/debug/libksdk_platform_mqx.a(fsl_mcg_hal_modes.o)
                0x000023ba                CLOCK_HAL_GetMcgMode
 .text.CLOCK_HAL_SetFbiMode
                0x00002430       0xbc C:/Freescale/KSDK_1.2.0/lib/ksdk_mqx_lib/kds/K64F12/debug/libksdk_platform_mqx.a(fsl_mcg_hal_modes.o)
                0x00002430                CLOCK_HAL_SetFbiMode
 .text.CLOCK_HAL_SetFbeMode
                0x000024ec       0xf4 C:/Freescale/KSDK_1.2.0/lib/ksdk_mqx_lib/kds/K64F12/debug/libksdk_platform_mqx.a(fsl_mcg_hal_modes.o)
                0x000024ec                CLOCK_HAL_SetFbeMode
 .text.CLOCK_HAL_SetPbeMode
                0x000025e0       0xd0 C:/Freescale/KSDK_1.2.0/lib/ksdk_mqx_lib/kds/K64F12/debug/libksdk_platform_mqx.a(fsl_mcg_hal_modes.o)
                0x000025e0                CLOCK_HAL_SetPbeMode
 .text.fputc    0x000026b0       0x50 C:/Freescale/KSDK_1.2.0/rtos/mqx/lib/frdmk64f.kds/debug/mqx_stdlib/lib_mqx_stdlib.a(put.o)
                0x000026b0                fputc
 .text.putchar  0x00002700       0x24 C:/Freescale/KSDK_1.2.0/rtos/mqx/lib/frdmk64f.kds/debug/mqx_stdlib/lib_mqx_stdlib.a(put.o)
                0x00002700                putchar
 .text.fputs    0x00002724       0x64 C:/Freescale/KSDK_1.2.0/rtos/mqx/lib/frdmk64f.kds/debug/mqx_stdlib/lib_mqx_stdlib.a(put.o)
                0x00002724                fputs
 .text.puts     0x00002788       0x70 C:/Freescale/KSDK_1.2.0/rtos/mqx/lib/frdmk64f.kds/debug/mqx_stdlib/lib_mqx_stdlib.a(put.o)
                0x00002788                puts
 .text._buf_write
                0x000027f8       0x28 C:/Freescale/KSDK_1.2.0/rtos/mqx/lib/frdmk64f.kds/debug/mqx_stdlib/lib_mqx_stdlib.a(buf_prv.o)
                0x000027f8                _buf_write
 .text.nio_tty_open
                0x00002820       0xac C:/Freescale/KSDK_1.2.0/rtos/mqx/lib/frdmk64f.kds/debug/mqx/lib_mqx.a(nio_tty.o)
 .text.nio_tty_read
                0x000028cc      0x158 C:/Freescale/KSDK_1.2.0/rtos/mqx/lib/frdmk64f.kds/debug/mqx/lib_mqx.a(nio_tty.o)
 .text.nio_tty_write
                0x00002a24      0x10c C:/Freescale/KSDK_1.2.0/rtos/mqx/lib/frdmk64f.kds/debug/mqx/lib_mqx.a(nio_tty.o)
 .text.nio_tty_ioctl
                0x00002b30       0xbc C:/Freescale/KSDK_1.2.0/rtos/mqx/lib/frdmk64f.kds/debug/mqx/lib_mqx.a(nio_tty.o)
 .text.nio_tty_close
                0x00002bec       0x80 C:/Freescale/KSDK_1.2.0/rtos/mqx/lib/frdmk64f.kds/debug/mqx/lib_mqx.a(nio_tty.o)
 .text.nio_tty_init
                0x00002c6c       0xb4 C:/Freescale/KSDK_1.2.0/rtos/mqx/lib/frdmk64f.kds/debug/mqx/lib_mqx.a(nio_tty.o)
 .text.nio_tty_deinit
                0x00002d20       0x1c C:/Freescale/KSDK_1.2.0/rtos/mqx/lib/frdmk64f.kds/debug/mqx/lib_mqx.a(nio_tty.o)
 .text.NVIC_SetPriority
                0x00002d3c       0x54 C:/Freescale/KSDK_1.2.0/rtos/mqx/lib/frdmk64f.kds/debug/mqx/lib_mqx.a(nio_serial.o)
 .text.get_uart_config
                0x00002d90       0x98 C:/Freescale/KSDK_1.2.0/rtos/mqx/lib/frdmk64f.kds/debug/mqx/lib_mqx.a(nio_serial.o)
 .text.nio_serial_open
                0x00002e28       0x1c C:/Freescale/KSDK_1.2.0/rtos/mqx/lib/frdmk64f.kds/debug/mqx/lib_mqx.a(nio_serial.o)
 .text.nio_serial_read
                0x00002e44      0x2dc C:/Freescale/KSDK_1.2.0/rtos/mqx/lib/frdmk64f.kds/debug/mqx/lib_mqx.a(nio_serial.o)
 .text.nio_serial_write
                0x00003120      0x304 C:/Freescale/KSDK_1.2.0/rtos/mqx/lib/frdmk64f.kds/debug/mqx/lib_mqx.a(nio_serial.o)
 .text.nio_serial_ioctl
                0x00003424      0x2bc C:/Freescale/KSDK_1.2.0/rtos/mqx/lib/frdmk64f.kds/debug/mqx/lib_mqx.a(nio_serial.o)
 .text.nio_serial_flushBuff
                0x000036e0       0xf0 C:/Freescale/KSDK_1.2.0/rtos/mqx/lib/frdmk64f.kds/debug/mqx/lib_mqx.a(nio_serial.o)
 .text.nio_serial_close
                0x000037d0       0x1c C:/Freescale/KSDK_1.2.0/rtos/mqx/lib/frdmk64f.kds/debug/mqx/lib_mqx.a(nio_serial.o)
 .text.nio_serial_init
                0x000037ec      0x2f4 C:/Freescale/KSDK_1.2.0/rtos/mqx/lib/frdmk64f.kds/debug/mqx/lib_mqx.a(nio_serial.o)
 .text.nio_serial_deinit
                0x00003ae0      0x17c C:/Freescale/KSDK_1.2.0/rtos/mqx/lib/frdmk64f.kds/debug/mqx/lib_mqx.a(nio_serial.o)
 .text.nio_serial_rxcallback
                0x00003c5c       0xfc C:/Freescale/KSDK_1.2.0/rtos/mqx/lib/frdmk64f.kds/debug/mqx/lib_mqx.a(nio_serial.o)
 .text.nio_serial_uart_rxcallback
                0x00003d58       0x28 C:/Freescale/KSDK_1.2.0/rtos/mqx/lib/frdmk64f.kds/debug/mqx/lib_mqx.a(nio_serial.o)
                0x00003d58                nio_serial_uart_rxcallback
 .text.nio_serial_txcallback
                0x00003d80       0xe4 C:/Freescale/KSDK_1.2.0/rtos/mqx/lib/frdmk64f.kds/debug/mqx/lib_mqx.a(nio_serial.o)
 .text.nio_serial_uart_txcallback
                0x00003e64       0x34 C:/Freescale/KSDK_1.2.0/rtos/mqx/lib/frdmk64f.kds/debug/mqx/lib_mqx.a(nio_serial.o)
                0x00003e64                nio_serial_uart_txcallback
 .text.nio_dummy_open
                0x00003e98       0x24 C:/Freescale/KSDK_1.2.0/rtos/mqx/lib/frdmk64f.kds/debug/mqx/lib_mqx.a(nio_dummy.o)
 .text.nio_dummy_read
                0x00003ebc       0x64 C:/Freescale/KSDK_1.2.0/rtos/mqx/lib/frdmk64f.kds/debug/mqx/lib_mqx.a(nio_dummy.o)
 .text.nio_dummy_write
                0x00003f20       0x64 C:/Freescale/KSDK_1.2.0/rtos/mqx/lib/frdmk64f.kds/debug/mqx/lib_mqx.a(nio_dummy.o)
 .text.nio_dummy_lseek
                0x00003f84       0x24 C:/Freescale/KSDK_1.2.0/rtos/mqx/lib/frdmk64f.kds/debug/mqx/lib_mqx.a(nio_dummy.o)
 .text.nio_dummy_ioctl
                0x00003fa8       0x1c C:/Freescale/KSDK_1.2.0/rtos/mqx/lib/frdmk64f.kds/debug/mqx/lib_mqx.a(nio_dummy.o)
 .text.nio_dummy_close
                0x00003fc4       0x1c C:/Freescale/KSDK_1.2.0/rtos/mqx/lib/frdmk64f.kds/debug/mqx/lib_mqx.a(nio_dummy.o)
 .text.nio_dummy_init
                0x00003fe0       0x30 C:/Freescale/KSDK_1.2.0/rtos/mqx/lib/frdmk64f.kds/debug/mqx/lib_mqx.a(nio_dummy.o)
 .text.nio_dummy_deinit
                0x00004010       0x24 C:/Freescale/KSDK_1.2.0/rtos/mqx/lib/frdmk64f.kds/debug/mqx/lib_mqx.a(nio_dummy.o)
 .text._psp_int_init
                0x00004034       0x20 C:/Freescale/KSDK_1.2.0/rtos/mqx/lib/frdmk64f.kds/debug/mqx/lib_mqx.a(psp_iinit.o)
                0x00004034                _psp_int_init
 .text.lock_fd_table
                0x00004054       0x54 C:/Freescale/KSDK_1.2.0/rtos/mqx/lib/frdmk64f.kds/debug/mqx/lib_mqx.a(nio.o)
 .text.unlock_fd_table
                0x000040a8       0x50 C:/Freescale/KSDK_1.2.0/rtos/mqx/lib/frdmk64f.kds/debug/mqx/lib_mqx.a(nio.o)
 .text.lock_dev_list
                0x000040f8       0x30 C:/Freescale/KSDK_1.2.0/rtos/mqx/lib/frdmk64f.kds/debug/mqx/lib_mqx.a(nio.o)
 .text.unlock_dev_list
                0x00004128       0x2c C:/Freescale/KSDK_1.2.0/rtos/mqx/lib/frdmk64f.kds/debug/mqx/lib_mqx.a(nio.o)
 .text.lock_dev
                0x00004154       0x30 C:/Freescale/KSDK_1.2.0/rtos/mqx/lib/frdmk64f.kds/debug/mqx/lib_mqx.a(nio.o)
 .text.unlock_dev
                0x00004184       0x2c C:/Freescale/KSDK_1.2.0/rtos/mqx/lib/frdmk64f.kds/debug/mqx/lib_mqx.a(nio.o)
 .text.lock_fp  0x000041b0       0x50 C:/Freescale/KSDK_1.2.0/rtos/mqx/lib/frdmk64f.kds/debug/mqx/lib_mqx.a(nio.o)
 .text.unlock_fp
                0x00004200       0x4c C:/Freescale/KSDK_1.2.0/rtos/mqx/lib/frdmk64f.kds/debug/mqx/lib_mqx.a(nio.o)
 .text.fd_get_fp
                0x0000424c       0x40 C:/Freescale/KSDK_1.2.0/rtos/mqx/lib/frdmk64f.kds/debug/mqx/lib_mqx.a(nio.o)
 .text.fd_new   0x0000428c       0x54 C:/Freescale/KSDK_1.2.0/rtos/mqx/lib/frdmk64f.kds/debug/mqx/lib_mqx.a(nio.o)
 .text.fd_free  0x000042e0       0x28 C:/Freescale/KSDK_1.2.0/rtos/mqx/lib/frdmk64f.kds/debug/mqx/lib_mqx.a(nio.o)
 .text.dev_check_name
                0x00004308       0x54 C:/Freescale/KSDK_1.2.0/rtos/mqx/lib/frdmk64f.kds/debug/mqx/lib_mqx.a(nio.o)
 .text.dev_list_find
                0x0000435c       0xb4 C:/Freescale/KSDK_1.2.0/rtos/mqx/lib/frdmk64f.kds/debug/mqx/lib_mqx.a(nio.o)
 .text.dev_find
                0x00004410       0x28 C:/Freescale/KSDK_1.2.0/rtos/mqx/lib/frdmk64f.kds/debug/mqx/lib_mqx.a(nio.o)
 .text.dev_add  0x00004438       0xac C:/Freescale/KSDK_1.2.0/rtos/mqx/lib/frdmk64f.kds/debug/mqx/lib_mqx.a(nio.o)
 .text.dev_rm   0x000044e4       0x6c C:/Freescale/KSDK_1.2.0/rtos/mqx/lib/frdmk64f.kds/debug/mqx/lib_mqx.a(nio.o)
 .text.dev_add_fp
                0x00004550       0x40 C:/Freescale/KSDK_1.2.0/rtos/mqx/lib/frdmk64f.kds/debug/mqx/lib_mqx.a(nio.o)
 .text.dev_rm_fp
                0x00004590       0x3c C:/Freescale/KSDK_1.2.0/rtos/mqx/lib/frdmk64f.kds/debug/mqx/lib_mqx.a(nio.o)
 .text._nio_init
                0x000045cc      0x10c C:/Freescale/KSDK_1.2.0/rtos/mqx/lib/frdmk64f.kds/debug/mqx/lib_mqx.a(nio.o)
                0x000045cc                _nio_init
 .text._nio_dev_install
                0x000046d8      0x14c C:/Freescale/KSDK_1.2.0/rtos/mqx/lib/frdmk64f.kds/debug/mqx/lib_mqx.a(nio.o)
                0x000046d8                _nio_dev_install
 .text._nio_dev_uninstall
                0x00004824       0xa4 C:/Freescale/KSDK_1.2.0/rtos/mqx/lib/frdmk64f.kds/debug/mqx/lib_mqx.a(nio.o)
                0x00004824                _nio_dev_uninstall
 .text._nio_open_intern
                0x000048c8      0x174 C:/Freescale/KSDK_1.2.0/rtos/mqx/lib/frdmk64f.kds/debug/mqx/lib_mqx.a(nio.o)
 .text._nio_open
                0x00004a3c       0x80 C:/Freescale/KSDK_1.2.0/rtos/mqx/lib/frdmk64f.kds/debug/mqx/lib_mqx.a(nio.o)
                0x00004a3c                _nio_open
 .text._nio_close
                0x00004abc       0xe8 C:/Freescale/KSDK_1.2.0/rtos/mqx/lib/frdmk64f.kds/debug/mqx/lib_mqx.a(nio.o)
                0x00004abc                _nio_close
 .text._nio_read
                0x00004ba4       0xcc C:/Freescale/KSDK_1.2.0/rtos/mqx/lib/frdmk64f.kds/debug/mqx/lib_mqx.a(nio.o)
                0x00004ba4                _nio_read
 .text._nio_write
                0x00004c70       0xcc C:/Freescale/KSDK_1.2.0/rtos/mqx/lib/frdmk64f.kds/debug/mqx/lib_mqx.a(nio.o)
                0x00004c70                _nio_write
 .text._nio_vioctl
                0x00004d3c       0xcc C:/Freescale/KSDK_1.2.0/rtos/mqx/lib/frdmk64f.kds/debug/mqx/lib_mqx.a(nio.o)
                0x00004d3c                _nio_vioctl
 .text.open     0x00004e08       0x40 C:/Freescale/KSDK_1.2.0/rtos/mqx/lib/frdmk64f.kds/debug/mqx/lib_mqx.a(nio_posix.o)
                0x00004e08                open
 .text.close    0x00004e48       0x30 C:/Freescale/KSDK_1.2.0/rtos/mqx/lib/frdmk64f.kds/debug/mqx/lib_mqx.a(nio_posix.o)
                0x00004e48                close
 .text.write    0x00004e78       0x38 C:/Freescale/KSDK_1.2.0/rtos/mqx/lib/frdmk64f.kds/debug/mqx/lib_mqx.a(nio_posix.o)
                0x00004e78                write
 .text._int_default_isr
                0x00004eb0       0x5c C:/Freescale/KSDK_1.2.0/rtos/mqx/lib/frdmk64f.kds/debug/mqx/lib_mqx.a(int.o)
                0x00004eb0                _int_default_isr
 .text._int_disable
                0x00004f0c       0x3c C:/Freescale/KSDK_1.2.0/rtos/mqx/lib/frdmk64f.kds/debug/mqx/lib_mqx.a(int.o)
                0x00004f0c                _int_disable
 .text._int_enable
                0x00004f48       0x58 C:/Freescale/KSDK_1.2.0/rtos/mqx/lib/frdmk64f.kds/debug/mqx/lib_mqx.a(int.o)
                0x00004f48                _int_enable
 .text._int_install_isr
                0x00004fa0      0x108 C:/Freescale/KSDK_1.2.0/rtos/mqx/lib/frdmk64f.kds/debug/mqx/lib_mqx.a(int.o)
                0x00004fa0                _int_install_isr
 .text._int_init
                0x000050a8       0xa8 C:/Freescale/KSDK_1.2.0/rtos/mqx/lib/frdmk64f.kds/debug/mqx/lib_mqx.a(int.o)
                0x000050a8                _int_init
 .text._lwmem_alloc_internal
                0x00005150      0x194 C:/Freescale/KSDK_1.2.0/rtos/mqx/lib/frdmk64f.kds/debug/mqx/lib_mqx.a(lwmem.o)
                0x00005150                _lwmem_alloc_internal
 .text._lwmem_alloc_at_internal
                0x000052e4      0x1b0 C:/Freescale/KSDK_1.2.0/rtos/mqx/lib/frdmk64f.kds/debug/mqx/lib_mqx.a(lwmem.o)
                0x000052e4                _lwmem_alloc_at_internal
 .text._lwmem_alloc
                0x00005494       0x34 C:/Freescale/KSDK_1.2.0/rtos/mqx/lib/frdmk64f.kds/debug/mqx/lib_mqx.a(lwmem.o)
                0x00005494                _lwmem_alloc
 .text._lwmem_alloc_zero
                0x000054c8       0x34 C:/Freescale/KSDK_1.2.0/rtos/mqx/lib/frdmk64f.kds/debug/mqx/lib_mqx.a(lwmem.o)
                0x000054c8                _lwmem_alloc_zero
 .text._lwmem_create_pool
                0x000054fc       0xe4 C:/Freescale/KSDK_1.2.0/rtos/mqx/lib/frdmk64f.kds/debug/mqx/lib_mqx.a(lwmem.o)
                0x000054fc                _lwmem_create_pool
 .text._lwmem_free
                0x000055e0      0x1c8 C:/Freescale/KSDK_1.2.0/rtos/mqx/lib/frdmk64f.kds/debug/mqx/lib_mqx.a(lwmem.o)
                0x000055e0                _lwmem_free
 .text._lwmem_alloc_system
                0x000057a8       0x38 C:/Freescale/KSDK_1.2.0/rtos/mqx/lib/frdmk64f.kds/debug/mqx/lib_mqx.a(lwmem.o)
                0x000057a8                _lwmem_alloc_system
 .text._lwmem_init_internal
                0x000057e0       0x4c C:/Freescale/KSDK_1.2.0/rtos/mqx/lib/frdmk64f.kds/debug/mqx/lib_mqx.a(lwmem.o)
                0x000057e0                _lwmem_init_internal
 .text._lwmem_get_next_block_internal
                0x0000582c       0xc0 C:/Freescale/KSDK_1.2.0/rtos/mqx/lib/frdmk64f.kds/debug/mqx/lib_mqx.a(lwmem.o)
                0x0000582c                _lwmem_get_next_block_internal
 .text._lwmem_set_type
                0x000058ec       0x30 C:/Freescale/KSDK_1.2.0/rtos/mqx/lib/frdmk64f.kds/debug/mqx/lib_mqx.a(lwmem.o)
                0x000058ec                _lwmem_set_type
 .text._lwmem_transfer_internal
                0x0000591c       0x24 C:/Freescale/KSDK_1.2.0/rtos/mqx/lib/frdmk64f.kds/debug/mqx/lib_mqx.a(lwmem.o)
                0x0000591c                _lwmem_transfer_internal
 .text._lwmem_transfer_td_internal
                0x00005940       0x2c C:/Freescale/KSDK_1.2.0/rtos/mqx/lib/frdmk64f.kds/debug/mqx/lib_mqx.a(lwmem.o)
                0x00005940                _lwmem_transfer_td_internal
 .text._lwmem_alloc_system_zero
                0x0000596c       0x38 C:/Freescale/KSDK_1.2.0/rtos/mqx/lib/frdmk64f.kds/debug/mqx/lib_mqx.a(lwmem.o)
                0x0000596c                _lwmem_alloc_system_zero
 .text._lwsem_create_internal
                0x000059a4       0x90 C:/Freescale/KSDK_1.2.0/rtos/mqx/lib/frdmk64f.kds/debug/mqx/lib_mqx.a(lwsem.o)
                0x000059a4                _lwsem_create_internal
 .text._lwsem_create
                0x00005a34       0x20 C:/Freescale/KSDK_1.2.0/rtos/mqx/lib/frdmk64f.kds/debug/mqx/lib_mqx.a(lwsem.o)
                0x00005a34                _lwsem_create
 .text._lwsem_destroy_internal
                0x00005a54      0x104 C:/Freescale/KSDK_1.2.0/rtos/mqx/lib/frdmk64f.kds/debug/mqx/lib_mqx.a(lwsem.o)
                0x00005a54                _lwsem_destroy_internal
 .text._lwsem_destroy
                0x00005b58       0x1c C:/Freescale/KSDK_1.2.0/rtos/mqx/lib/frdmk64f.kds/debug/mqx/lib_mqx.a(lwsem.o)
                0x00005b58                _lwsem_destroy
 .text._lwsem_poll
                0x00005b74       0x48 C:/Freescale/KSDK_1.2.0/rtos/mqx/lib/frdmk64f.kds/debug/mqx/lib_mqx.a(lwsem.o)
                0x00005b74                _lwsem_poll
 .text._lwsem_post
                0x00005bbc       0xc0 C:/Freescale/KSDK_1.2.0/rtos/mqx/lib/frdmk64f.kds/debug/mqx/lib_mqx.a(lwsem.o)
                0x00005bbc                _lwsem_post
 .text._lwsem_wait
                0x00005c7c       0xb0 C:/Freescale/KSDK_1.2.0/rtos/mqx/lib/frdmk64f.kds/debug/mqx/lib_mqx.a(lwsem.o)
                0x00005c7c                _lwsem_wait
 .text._lwsem_wait_timed_internal
                0x00005d2c       0x64 C:/Freescale/KSDK_1.2.0/rtos/mqx/lib/frdmk64f.kds/debug/mqx/lib_mqx.a(lwsem.o)
                0x00005d2c                _lwsem_wait_timed_internal
 .text._lwsem_wait_ticks
                0x00005d90       0xec C:/Freescale/KSDK_1.2.0/rtos/mqx/lib/frdmk64f.kds/debug/mqx/lib_mqx.a(lwsem.o)
                0x00005d90                _lwsem_wait_ticks
 .text._mqx_init_interrupt_stack
                0x00005e7c       0x50 C:/Freescale/KSDK_1.2.0/rtos/mqx/lib/frdmk64f.kds/debug/mqx/lib_mqx.a(mqx.o)
                0x00005e7c                _mqx_init_interrupt_stack
 .text._mqx     0x00005ecc      0x158 C:/Freescale/KSDK_1.2.0/rtos/mqx/lib/frdmk64f.kds/debug/mqx/lib_mqx.a(mqx.o)
                0x00005ecc                _mqx
 .text._mqx_init_kernel_data_internal
                0x00006024      0x17c C:/Freescale/KSDK_1.2.0/rtos/mqx/lib/frdmk64f.kds/debug/mqx/lib_mqx.a(mqx.o)
                0x00006024                _mqx_init_kernel_data_internal
 .text._mqx_exit
                0x000061a0       0x1c C:/Freescale/KSDK_1.2.0/rtos/mqx/lib/frdmk64f.kds/debug/mqx/lib_mqx.a(mqx.o)
                0x000061a0                _mqx_exit
 .text._queue_init
                0x000061bc       0x30 C:/Freescale/KSDK_1.2.0/rtos/mqx/lib/frdmk64f.kds/debug/mqx/lib_mqx.a(queue.o)
                0x000061bc                _queue_init
 .text._queue_enqueue
                0x000061ec       0x68 C:/Freescale/KSDK_1.2.0/rtos/mqx/lib/frdmk64f.kds/debug/mqx/lib_mqx.a(queue.o)
                0x000061ec                _queue_enqueue
 .text._queue_dequeue
                0x00006254       0x54 C:/Freescale/KSDK_1.2.0/rtos/mqx/lib/frdmk64f.kds/debug/mqx/lib_mqx.a(queue.o)
                0x00006254                _queue_dequeue
 .text._queue_insert
                0x000062a8       0x70 C:/Freescale/KSDK_1.2.0/rtos/mqx/lib/frdmk64f.kds/debug/mqx/lib_mqx.a(queue.o)
                0x000062a8                _queue_insert
 .text._sched_yield
                0x00006318       0x48 C:/Freescale/KSDK_1.2.0/rtos/mqx/lib/frdmk64f.kds/debug/mqx/lib_mqx.a(sched.o)
                0x00006318                _sched_yield
 .text._task_create_internal
                0x00006360      0x110 C:/Freescale/KSDK_1.2.0/rtos/mqx/lib/frdmk64f.kds/debug/mqx/lib_mqx.a(task.o)
                0x00006360                _task_create_internal
 .text._task_create
                0x00006470       0x28 C:/Freescale/KSDK_1.2.0/rtos/mqx/lib/frdmk64f.kds/debug/mqx/lib_mqx.a(task.o)
                0x00006470                _task_create
 .text._task_destroy_internal
                0x00006498      0x388 C:/Freescale/KSDK_1.2.0/rtos/mqx/lib/frdmk64f.kds/debug/mqx/lib_mqx.a(task.o)
                0x00006498                _task_destroy_internal
 .text._task_destroy
                0x00006820       0x1c C:/Freescale/KSDK_1.2.0/rtos/mqx/lib/frdmk64f.kds/debug/mqx/lib_mqx.a(task.o)
                0x00006820                _task_destroy
 .text._task_stop_preemption
                0x0000683c       0x2c C:/Freescale/KSDK_1.2.0/rtos/mqx/lib/frdmk64f.kds/debug/mqx/lib_mqx.a(task.o)
                0x0000683c                _task_stop_preemption
 .text._task_start_preemption
                0x00006868       0x30 C:/Freescale/KSDK_1.2.0/rtos/mqx/lib/frdmk64f.kds/debug/mqx/lib_mqx.a(task.o)
                0x00006868                _task_start_preemption
 .text._task_get_id
                0x00006898       0x18 C:/Freescale/KSDK_1.2.0/rtos/mqx/lib/frdmk64f.kds/debug/mqx/lib_mqx.a(task.o)
                0x00006898                _task_get_id
 .text._task_get_td
                0x000068b0       0x7c C:/Freescale/KSDK_1.2.0/rtos/mqx/lib/frdmk64f.kds/debug/mqx/lib_mqx.a(task.o)
                0x000068b0                _task_get_td
 .text._task_set_error
                0x0000692c       0x4c C:/Freescale/KSDK_1.2.0/rtos/mqx/lib/frdmk64f.kds/debug/mqx/lib_mqx.a(task.o)
                0x0000692c                _task_set_error
 .text._task_build_internal
                0x00006978       0xb8 C:/Freescale/KSDK_1.2.0/rtos/mqx/lib/frdmk64f.kds/debug/mqx/lib_mqx.a(task.o)
                0x00006978                _task_build_internal
 .text._task_exit_function_internal
                0x00006a30       0x34 C:/Freescale/KSDK_1.2.0/rtos/mqx/lib/frdmk64f.kds/debug/mqx/lib_mqx.a(task.o)
                0x00006a30                _task_exit_function_internal
 .text._task_init_internal
                0x00006a64      0x220 C:/Freescale/KSDK_1.2.0/rtos/mqx/lib/frdmk64f.kds/debug/mqx/lib_mqx.a(task.o)
                0x00006a64                _task_init_internal
 .text._task_fill_stack_internal
                0x00006c84       0x38 C:/Freescale/KSDK_1.2.0/rtos/mqx/lib/frdmk64f.kds/debug/mqx/lib_mqx.a(task.o)
                0x00006c84                _task_fill_stack_internal
 .text._task_ready_internal
                0x00006cbc       0x44 C:/Freescale/KSDK_1.2.0/rtos/mqx/lib/frdmk64f.kds/debug/mqx/lib_mqx.a(task.o)
                0x00006cbc                _task_ready_internal
 .text._task_alloc_td_internal
                0x00006d00      0x13c C:/Freescale/KSDK_1.2.0/rtos/mqx/lib/frdmk64f.kds/debug/mqx/lib_mqx.a(task.o)
                0x00006d00                _task_alloc_td_internal
 .text._task_set_error_td_internal
                0x00006e3c       0x30 C:/Freescale/KSDK_1.2.0/rtos/mqx/lib/frdmk64f.kds/debug/mqx/lib_mqx.a(task.o)
                0x00006e3c                _task_set_error_td_internal
 .text._time_delay
                0x00006e6c       0x64 C:/Freescale/KSDK_1.2.0/rtos/mqx/lib/frdmk64f.kds/debug/mqx/lib_mqx.a(time.o)
                0x00006e6c                _time_delay
 .text._time_delay_internal
                0x00006ed0       0xbc C:/Freescale/KSDK_1.2.0/rtos/mqx/lib/frdmk64f.kds/debug/mqx/lib_mqx.a(time.o)
                0x00006ed0                _time_delay_internal
 .text._time_get_ticks_per_sec
                0x00006f8c       0x18 C:/Freescale/KSDK_1.2.0/rtos/mqx/lib/frdmk64f.kds/debug/mqx/lib_mqx.a(time.o)
                0x00006f8c                _time_get_ticks_per_sec
 .text._time_notify_kernel
                0x00006fa4      0x124 C:/Freescale/KSDK_1.2.0/rtos/mqx/lib/frdmk64f.kds/debug/mqx/lib_mqx.a(time.o)
                0x00006fa4                _time_notify_kernel
 .text._time_set_ticks_per_sec
                0x000070c8       0x20 C:/Freescale/KSDK_1.2.0/rtos/mqx/lib/frdmk64f.kds/debug/mqx/lib_mqx.a(time.o)
                0x000070c8                _time_set_ticks_per_sec
 .text._time_set_hwtick_function
                0x000070e8       0x28 C:/Freescale/KSDK_1.2.0/rtos/mqx/lib/frdmk64f.kds/debug/mqx/lib_mqx.a(time.o)
                0x000070e8                _time_set_hwtick_function
 .text._time_set_hwticks_per_tick
                0x00007110       0x20 C:/Freescale/KSDK_1.2.0/rtos/mqx/lib/frdmk64f.kds/debug/mqx/lib_mqx.a(time.o)
                0x00007110                _time_set_hwticks_per_tick
 .text._init    0x00007130        0xc C:/Freescale/KSDK_1.2.0/rtos/mqx/lib/frdmk64f.kds/debug/mqx/lib_mqx.a(comp.o)
                0x00007130                _init
 .text._fini    0x0000713c        0xc C:/Freescale/KSDK_1.2.0/rtos/mqx/lib/frdmk64f.kds/debug/mqx/lib_mqx.a(comp.o)
                0x0000713c                _fini
 .text.malloc   0x00007148       0x18 C:/Freescale/KSDK_1.2.0/rtos/mqx/lib/frdmk64f.kds/debug/mqx/lib_mqx.a(comp.o)
                0x00007148                malloc
 .text.free     0x00007160       0x14 C:/Freescale/KSDK_1.2.0/rtos/mqx/lib/frdmk64f.kds/debug/mqx/lib_mqx.a(comp.o)
                0x00007160                free
 .text._start   0x00007174       0x10 C:/Freescale/KSDK_1.2.0/rtos/mqx/lib/frdmk64f.kds/debug/mqx/lib_mqx.a(comp.o)
                0x00007174                _start
 .text.toolchain_startup
                0x00007184       0x20 C:/Freescale/KSDK_1.2.0/rtos/mqx/lib/frdmk64f.kds/debug/mqx/lib_mqx.a(comp.o)
                0x00007184                toolchain_startup
 .text._exit    0x000071a4        0xc C:/Freescale/KSDK_1.2.0/rtos/mqx/lib/frdmk64f.kds/debug/mqx/lib_mqx.a(comp.o)
                0x000071a4                _exit
 .text.init_data_bss
                0x000071b0       0xcc C:/Freescale/KSDK_1.2.0/rtos/mqx/lib/frdmk64f.kds/debug/mqx/lib_mqx.a(startup.o)
                0x000071b0                init_data_bss
 .text.SystemInit
                0x0000727c       0x3c C:/Freescale/KSDK_1.2.0/rtos/mqx/lib/frdmk64f.kds/debug/mqx/lib_mqx.a(system_MK64F12.o)
                0x0000727c                SystemInit
 .text._psp_msecs_to_ticks_quick
                0x000072b8       0xc8 C:/Freescale/KSDK_1.2.0/rtos/mqx/lib/frdmk64f.kds/debug/mqx/lib_mqx.a(psp_mstiq.o)
                0x000072b8                _psp_msecs_to_ticks_quick
 .text._psp_add_ticks
                0x00007380       0x68 C:/Freescale/KSDK_1.2.0/rtos/mqx/lib/frdmk64f.kds/debug/mqx/lib_mqx.a(psp_tiad.o)
                0x00007380                _psp_add_ticks
 .text._psp_normalize_ticks
                0x000073e8       0x58 C:/Freescale/KSDK_1.2.0/rtos/mqx/lib/frdmk64f.kds/debug/mqx/lib_mqx.a(psp_tinm.o)
                0x000073e8                _psp_normalize_ticks
 .text._psp_set_kernel_disable_level
                0x00007440       0xa8 C:/Freescale/KSDK_1.2.0/rtos/mqx/lib/frdmk64f.kds/debug/mqx/lib_mqx.a(sc_irdyq.o)
                0x00007440                _psp_set_kernel_disable_level
 .text._psp_init_readyqs
                0x000074e8       0xbc C:/Freescale/KSDK_1.2.0/rtos/mqx/lib/frdmk64f.kds/debug/mqx/lib_mqx.a(sc_irdyq.o)
                0x000074e8                _psp_init_readyqs
 .text._psp_build_stack_frame
                0x000075a4       0xa8 C:/Freescale/KSDK_1.2.0/rtos/mqx/lib/frdmk64f.kds/debug/mqx/lib_mqx.a(stack_bu.o)
                0x000075a4                _psp_build_stack_frame
 .text._psp_build_float_context
                0x0000764c       0x5c C:/Freescale/KSDK_1.2.0/rtos/mqx/lib/frdmk64f.kds/debug/mqx/lib_mqx.a(stack_bu.o)
                0x0000764c                _psp_build_float_context
 .text._psp_destroy_stack_frame
                0x000076a8       0x14 C:/Freescale/KSDK_1.2.0/rtos/mqx/lib/frdmk64f.kds/debug/mqx/lib_mqx.a(stack_de.o)
                0x000076a8                _psp_destroy_stack_frame
 .text._mqx_idle_task
                0x000076bc       0x60 C:/Freescale/KSDK_1.2.0/rtos/mqx/lib/frdmk64f.kds/debug/mqx/lib_mqx.a(idletask.o)
                0x000076bc                _mqx_idle_task
 .text._bsp_post_init
                0x0000771c       0x10 C:/Freescale/KSDK_1.2.0/rtos/mqx/lib/frdmk64f.kds/debug/mqx/lib_mqx.a(inittask.o)
                0x0000771c                _bsp_post_init
 .text._mqx_init_task
                0x0000772c       0xbc C:/Freescale/KSDK_1.2.0/rtos/mqx/lib/frdmk64f.kds/debug/mqx/lib_mqx.a(inittask.o)
                0x0000772c                _mqx_init_task
 .text.UART_DRV_StartSendData
                0x000077e8       0x5c C:\Freescale\KSDK_1.2.0\lib\ksdk_mqx_lib\kds\K64F12\debug\libksdk_platform_mqx.a(fsl_uart_driver.o)
 .text.UART_DRV_CompleteSendData
                0x00007844       0x54 C:\Freescale\KSDK_1.2.0\lib\ksdk_mqx_lib\kds\K64F12\debug\libksdk_platform_mqx.a(fsl_uart_driver.o)
 .text.UART_DRV_CompleteReceiveData
                0x00007898       0x5c C:\Freescale\KSDK_1.2.0\lib\ksdk_mqx_lib\kds\K64F12\debug\libksdk_platform_mqx.a(fsl_uart_driver.o)
 .text.UART_DRV_Init
                0x000078f4      0x168 C:\Freescale\KSDK_1.2.0\lib\ksdk_mqx_lib\kds\K64F12\debug\libksdk_platform_mqx.a(fsl_uart_driver.o)
                0x000078f4                UART_DRV_Init
 .text.UART_DRV_Deinit
                0x00007a5c      0x108 C:\Freescale\KSDK_1.2.0\lib\ksdk_mqx_lib\kds\K64F12\debug\libksdk_platform_mqx.a(fsl_uart_driver.o)
                0x00007a5c                UART_DRV_Deinit
 .text.UART_DRV_InstallRxCallback
                0x00007b64       0x50 C:\Freescale\KSDK_1.2.0\lib\ksdk_mqx_lib\kds\K64F12\debug\libksdk_platform_mqx.a(fsl_uart_driver.o)
                0x00007b64                UART_DRV_InstallRxCallback
 .text.UART_DRV_InstallTxCallback
                0x00007bb4       0x34 C:\Freescale\KSDK_1.2.0\lib\ksdk_mqx_lib\kds\K64F12\debug\libksdk_platform_mqx.a(fsl_uart_driver.o)
                0x00007bb4                UART_DRV_InstallTxCallback
 .text.UART_DRV_SendData
                0x00007be8       0x48 C:\Freescale\KSDK_1.2.0\lib\ksdk_mqx_lib\kds\K64F12\debug\libksdk_platform_mqx.a(fsl_uart_driver.o)
                0x00007be8                UART_DRV_SendData
 .text.UART_DRV_IRQHandler
                0x00007c30       0xd4 C:\Freescale\KSDK_1.2.0\lib\ksdk_mqx_lib\kds\K64F12\debug\libksdk_platform_mqx.a(fsl_uart_driver.o)
                0x00007c30                UART_DRV_IRQHandler
 .text.__assert_func
                0x00007d04       0x3c c:/freescale/kds_3.0.0/toolchain/bin/../lib/gcc/arm-none-eabi/4.8.4/../../../../arm-none-eabi/lib/armv7e-m/fpu\libc.a(lib_a-assert.o)
                0x00007d04                __assert_func
 .text.atexit   0x00007d40        0xc c:/freescale/kds_3.0.0/toolchain/bin/../lib/gcc/arm-none-eabi/4.8.4/../../../../arm-none-eabi/lib/armv7e-m/fpu\libc.a(lib_a-atexit.o)
                0x00007d40                atexit
 .text.__errno  0x00007d4c        0xc c:/freescale/kds_3.0.0/toolchain/bin/../lib/gcc/arm-none-eabi/4.8.4/../../../../arm-none-eabi/lib/armv7e-m/fpu\libc.a(lib_a-errno.o)
                0x00007d4c                __errno
 .text.exit     0x00007d58       0x20 c:/freescale/kds_3.0.0/toolchain/bin/../lib/gcc/arm-none-eabi/4.8.4/../../../../arm-none-eabi/lib/armv7e-m/fpu\libc.a(lib_a-exit.o)
                0x00007d58                exit
 .text.__libc_fini_array
                0x00007d78       0x30 c:/freescale/kds_3.0.0/toolchain/bin/../lib/gcc/arm-none-eabi/4.8.4/../../../../arm-none-eabi/lib/armv7e-m/fpu\libc.a(lib_a-fini.o)
                0x00007d78                __libc_fini_array
 .text.fiprintf
                0x00007da8       0x28 c:/freescale/kds_3.0.0/toolchain/bin/../lib/gcc/arm-none-eabi/4.8.4/../../../../arm-none-eabi/lib/armv7e-m/fpu\libc.a(lib_a-fiprintf.o)
                0x00007da8                fiprintf
 .text.__libc_init_array
                0x00007dd0       0x50 c:/freescale/kds_3.0.0/toolchain/bin/../lib/gcc/arm-none-eabi/4.8.4/../../../../arm-none-eabi/lib/armv7e-m/fpu\libc.a(lib_a-init.o)
                0x00007dd0                __libc_init_array
 .text.memset   0x00007e20       0x94 c:/freescale/kds_3.0.0/toolchain/bin/../lib/gcc/arm-none-eabi/4.8.4/../../../../arm-none-eabi/lib/armv7e-m/fpu\libc.a(lib_a-memset.o)
                0x00007e20                memset
 .text.strlen   0x00007eb4       0x60 c:/freescale/kds_3.0.0/toolchain/bin/../lib/gcc/arm-none-eabi/4.8.4/../../../../arm-none-eabi/lib/armv7e-m/fpu\libc.a(lib_a-strlen.o)
                0x00007eb4                strlen
 .text.strncpy  0x00007f14       0x64 c:/freescale/kds_3.0.0/toolchain/bin/../lib/gcc/arm-none-eabi/4.8.4/../../../../arm-none-eabi/lib/armv7e-m/fpu\libc.a(lib_a-strncpy.o)
                0x00007f14                strncpy
 .text.__sprint_r.part.0
                0x00007f78       0x78 c:/freescale/kds_3.0.0/toolchain/bin/../lib/gcc/arm-none-eabi/4.8.4/../../../../arm-none-eabi/lib/armv7e-m/fpu\libc.a(lib_a-vfiprintf.o)
 .text._vfiprintf_r
                0x00007ff0      0xc54 c:/freescale/kds_3.0.0/toolchain/bin/../lib/gcc/arm-none-eabi/4.8.4/../../../../arm-none-eabi/lib/armv7e-m/fpu\libc.a(lib_a-vfiprintf.o)
                0x00007ff0                _vfiprintf_r
 .text.__sbprintf
                0x00008c44       0x78 c:/freescale/kds_3.0.0/toolchain/bin/../lib/gcc/arm-none-eabi/4.8.4/../../../../arm-none-eabi/lib/armv7e-m/fpu\libc.a(lib_a-vfiprintf.o)
 .text.__swsetup_r
                0x00008cbc       0xc4 c:/freescale/kds_3.0.0/toolchain/bin/../lib/gcc/arm-none-eabi/4.8.4/../../../../arm-none-eabi/lib/armv7e-m/fpu\libc.a(lib_a-wsetup.o)
                0x00008cbc                __swsetup_r
 .text.__register_exitproc
                0x00008d80       0xa8 c:/freescale/kds_3.0.0/toolchain/bin/../lib/gcc/arm-none-eabi/4.8.4/../../../../arm-none-eabi/lib/armv7e-m/fpu\libc.a(lib_a-__atexit.o)
                0x00008d80                __register_exitproc
 .text.startup.register_fini
                0x00008e28       0x14 c:/freescale/kds_3.0.0/toolchain/bin/../lib/gcc/arm-none-eabi/4.8.4/../../../../arm-none-eabi/lib/armv7e-m/fpu\libc.a(lib_a-__call_atexit.o)
 .text.__call_exitprocs
                0x00008e3c       0xf0 c:/freescale/kds_3.0.0/toolchain/bin/../lib/gcc/arm-none-eabi/4.8.4/../../../../arm-none-eabi/lib/armv7e-m/fpu\libc.a(lib_a-__call_atexit.o)
                0x00008e3c                __call_exitprocs
 .text.abort    0x00008f2c       0x10 c:/freescale/kds_3.0.0/toolchain/bin/../lib/gcc/arm-none-eabi/4.8.4/../../../../arm-none-eabi/lib/armv7e-m/fpu\libc.a(lib_a-abort.o)
                0x00008f2c                abort
 .text.__sflush_r
                0x00008f3c      0x154 c:/freescale/kds_3.0.0/toolchain/bin/../lib/gcc/arm-none-eabi/4.8.4/../../../../arm-none-eabi/lib/armv7e-m/fpu\libc.a(lib_a-fflush.o)
                0x00008f3c                __sflush_r
 .text._fflush_r
                0x00009090       0x2c c:/freescale/kds_3.0.0/toolchain/bin/../lib/gcc/arm-none-eabi/4.8.4/../../../../arm-none-eabi/lib/armv7e-m/fpu\libc.a(lib_a-fflush.o)
                0x00009090                _fflush_r
 .text._cleanup_r
                0x000090bc        0xc c:/freescale/kds_3.0.0/toolchain/bin/../lib/gcc/arm-none-eabi/4.8.4/../../../../arm-none-eabi/lib/armv7e-m/fpu\libc.a(lib_a-findfp.o)
                0x000090bc                _cleanup_r
 .text.__sinit  0x000090c8       0xf4 c:/freescale/kds_3.0.0/toolchain/bin/../lib/gcc/arm-none-eabi/4.8.4/../../../../arm-none-eabi/lib/armv7e-m/fpu\libc.a(lib_a-findfp.o)
                0x000090c8                __sinit
 .text.__sfp_lock_acquire
                0x000091bc        0x4 c:/freescale/kds_3.0.0/toolchain/bin/../lib/gcc/arm-none-eabi/4.8.4/../../../../arm-none-eabi/lib/armv7e-m/fpu\libc.a(lib_a-findfp.o)
                0x000091bc                __sfp_lock_acquire
 .text.__sfp_lock_release
                0x000091c0        0x4 c:/freescale/kds_3.0.0/toolchain/bin/../lib/gcc/arm-none-eabi/4.8.4/../../../../arm-none-eabi/lib/armv7e-m/fpu\libc.a(lib_a-findfp.o)
                0x000091c0                __sfp_lock_release
 .text._fputwc_r
                0x000091c4       0xbc c:/freescale/kds_3.0.0/toolchain/bin/../lib/gcc/arm-none-eabi/4.8.4/../../../../arm-none-eabi/lib/armv7e-m/fpu\libc.a(lib_a-fputwc.o)
                0x000091c4                _fputwc_r
 .text._malloc_trim_r
                0x00009280       0x9c c:/freescale/kds_3.0.0/toolchain/bin/../lib/gcc/arm-none-eabi/4.8.4/../../../../arm-none-eabi/lib/armv7e-m/fpu\libc.a(lib_a-freer.o)
                0x00009280                _malloc_trim_r
 .text._free_r  0x0000931c      0x19c c:/freescale/kds_3.0.0/toolchain/bin/../lib/gcc/arm-none-eabi/4.8.4/../../../../arm-none-eabi/lib/armv7e-m/fpu\libc.a(lib_a-freer.o)
                0x0000931c                _free_r
 .text.__sfvwrite_r
                0x000094b8      0x318 c:/freescale/kds_3.0.0/toolchain/bin/../lib/gcc/arm-none-eabi/4.8.4/../../../../arm-none-eabi/lib/armv7e-m/fpu\libc.a(lib_a-fvwrite.o)
                0x000094b8                __sfvwrite_r
 .text._fwalk   0x000097d0       0x4c c:/freescale/kds_3.0.0/toolchain/bin/../lib/gcc/arm-none-eabi/4.8.4/../../../../arm-none-eabi/lib/armv7e-m/fpu\libc.a(lib_a-fwalk.o)
                0x000097d0                _fwalk
 .text.__locale_charset
                0x0000981c        0x8 c:/freescale/kds_3.0.0/toolchain/bin/../lib/gcc/arm-none-eabi/4.8.4/../../../../arm-none-eabi/lib/armv7e-m/fpu\libc.a(lib_a-locale.o)
                0x0000981c                __locale_charset
 .text.__locale_mb_cur_max
                0x00009824        0xc c:/freescale/kds_3.0.0/toolchain/bin/../lib/gcc/arm-none-eabi/4.8.4/../../../../arm-none-eabi/lib/armv7e-m/fpu\libc.a(lib_a-locale.o)
                0x00009824                __locale_mb_cur_max
 .text.__smakebuf_r
                0x00009830       0xe0 c:/freescale/kds_3.0.0/toolchain/bin/../lib/gcc/arm-none-eabi/4.8.4/../../../../arm-none-eabi/lib/armv7e-m/fpu\libc.a(lib_a-makebuf.o)
                0x00009830                __smakebuf_r
 .text._malloc_r
                0x00009910      0x538 c:/freescale/kds_3.0.0/toolchain/bin/../lib/gcc/arm-none-eabi/4.8.4/../../../../arm-none-eabi/lib/armv7e-m/fpu\libc.a(lib_a-mallocr.o)
                0x00009910                _malloc_r
 .text.memchr   0x00009e48       0x90 c:/freescale/kds_3.0.0/toolchain/bin/../lib/gcc/arm-none-eabi/4.8.4/../../../../arm-none-eabi/lib/armv7e-m/fpu\libc.a(lib_a-memchr-stub.o)
                0x00009e48                memchr
 .text.memmove  0x00009ed8       0xc0 c:/freescale/kds_3.0.0/toolchain/bin/../lib/gcc/arm-none-eabi/4.8.4/../../../../arm-none-eabi/lib/armv7e-m/fpu\libc.a(lib_a-memmove.o)
                0x00009ed8                memmove
 .text.__malloc_lock
                0x00009f98        0x4 c:/freescale/kds_3.0.0/toolchain/bin/../lib/gcc/arm-none-eabi/4.8.4/../../../../arm-none-eabi/lib/armv7e-m/fpu\libc.a(lib_a-mlock.o)
                0x00009f98                __malloc_lock
 .text.__malloc_unlock
                0x00009f9c        0x4 c:/freescale/kds_3.0.0/toolchain/bin/../lib/gcc/arm-none-eabi/4.8.4/../../../../arm-none-eabi/lib/armv7e-m/fpu\libc.a(lib_a-mlock.o)
                0x00009f9c                __malloc_unlock
 .text._realloc_r
                0x00009fa0      0x3cc c:/freescale/kds_3.0.0/toolchain/bin/../lib/gcc/arm-none-eabi/4.8.4/../../../../arm-none-eabi/lib/armv7e-m/fpu\libc.a(lib_a-reallocr.o)
                0x00009fa0                _realloc_r
 .text._sbrk_r  0x0000a36c       0x24 c:/freescale/kds_3.0.0/toolchain/bin/../lib/gcc/arm-none-eabi/4.8.4/../../../../arm-none-eabi/lib/armv7e-m/fpu\libc.a(lib_a-sbrkr.o)
                0x0000a36c                _sbrk_r
 .text._raise_r
                0x0000a390       0x58 c:/freescale/kds_3.0.0/toolchain/bin/../lib/gcc/arm-none-eabi/4.8.4/../../../../arm-none-eabi/lib/armv7e-m/fpu\libc.a(lib_a-signal.o)
                0x0000a390                _raise_r
 .text.raise    0x0000a3e8       0x10 c:/freescale/kds_3.0.0/toolchain/bin/../lib/gcc/arm-none-eabi/4.8.4/../../../../arm-none-eabi/lib/armv7e-m/fpu\libc.a(lib_a-signal.o)
                0x0000a3e8                raise
 .text._kill_r  0x0000a3f8       0x28 c:/freescale/kds_3.0.0/toolchain/bin/../lib/gcc/arm-none-eabi/4.8.4/../../../../arm-none-eabi/lib/armv7e-m/fpu\libc.a(lib_a-signalr.o)
                0x0000a3f8                _kill_r
 .text._getpid_r
                0x0000a420        0x4 c:/freescale/kds_3.0.0/toolchain/bin/../lib/gcc/arm-none-eabi/4.8.4/../../../../arm-none-eabi/lib/armv7e-m/fpu\libc.a(lib_a-signalr.o)
                0x0000a420                _getpid_r
 .text.__sread  0x0000a424       0x24 c:/freescale/kds_3.0.0/toolchain/bin/../lib/gcc/arm-none-eabi/4.8.4/../../../../arm-none-eabi/lib/armv7e-m/fpu\libc.a(lib_a-stdio.o)
                0x0000a424                __sread
 .text.__swrite
                0x0000a448       0x38 c:/freescale/kds_3.0.0/toolchain/bin/../lib/gcc/arm-none-eabi/4.8.4/../../../../arm-none-eabi/lib/armv7e-m/fpu\libc.a(lib_a-stdio.o)
                0x0000a448                __swrite
 .text.__sseek  0x0000a480       0x20 c:/freescale/kds_3.0.0/toolchain/bin/../lib/gcc/arm-none-eabi/4.8.4/../../../../arm-none-eabi/lib/armv7e-m/fpu\libc.a(lib_a-stdio.o)
                0x0000a480                __sseek
 .text.__sclose
                0x0000a4a0        0x8 c:/freescale/kds_3.0.0/toolchain/bin/../lib/gcc/arm-none-eabi/4.8.4/../../../../arm-none-eabi/lib/armv7e-m/fpu\libc.a(lib_a-stdio.o)
                0x0000a4a0                __sclose
 .text.__swbuf_r
                0x0000a4a8       0xa8 c:/freescale/kds_3.0.0/toolchain/bin/../lib/gcc/arm-none-eabi/4.8.4/../../../../arm-none-eabi/lib/armv7e-m/fpu\libc.a(lib_a-wbuf.o)
                0x0000a4a8                __swbuf_r
 .text._wcrtomb_r
                0x0000a550       0x50 c:/freescale/kds_3.0.0/toolchain/bin/../lib/gcc/arm-none-eabi/4.8.4/../../../../arm-none-eabi/lib/armv7e-m/fpu\libc.a(lib_a-wcrtomb.o)
                0x0000a550                _wcrtomb_r
 .text.__ascii_wctomb
                0x0000a5a0       0x1c c:/freescale/kds_3.0.0/toolchain/bin/../lib/gcc/arm-none-eabi/4.8.4/../../../../arm-none-eabi/lib/armv7e-m/fpu\libc.a(lib_a-wctomb_r.o)
                0x0000a5a0                __ascii_wctomb
 .text._write_r
                0x0000a5bc       0x28 c:/freescale/kds_3.0.0/toolchain/bin/../lib/gcc/arm-none-eabi/4.8.4/../../../../arm-none-eabi/lib/armv7e-m/fpu\libc.a(lib_a-writer.o)
                0x0000a5bc                _write_r
 .text._close_r
                0x0000a5e4       0x24 c:/freescale/kds_3.0.0/toolchain/bin/../lib/gcc/arm-none-eabi/4.8.4/../../../../arm-none-eabi/lib/armv7e-m/fpu\libc.a(lib_a-closer.o)
                0x0000a5e4                _close_r
 .text._fclose_r
                0x0000a608       0x80 c:/freescale/kds_3.0.0/toolchain/bin/../lib/gcc/arm-none-eabi/4.8.4/../../../../arm-none-eabi/lib/armv7e-m/fpu\libc.a(lib_a-fclose.o)
                0x0000a608                _fclose_r
 .text.fclose   0x0000a688       0x10 c:/freescale/kds_3.0.0/toolchain/bin/../lib/gcc/arm-none-eabi/4.8.4/../../../../arm-none-eabi/lib/armv7e-m/fpu\libc.a(lib_a-fclose.o)
                0x0000a688                fclose
 .text._fstat_r
                0x0000a698       0x28 c:/freescale/kds_3.0.0/toolchain/bin/../lib/gcc/arm-none-eabi/4.8.4/../../../../arm-none-eabi/lib/armv7e-m/fpu\libc.a(lib_a-fstatr.o)
                0x0000a698                _fstat_r
 .text._isatty_r
                0x0000a6c0       0x24 c:/freescale/kds_3.0.0/toolchain/bin/../lib/gcc/arm-none-eabi/4.8.4/../../../../arm-none-eabi/lib/armv7e-m/fpu\libc.a(lib_a-isattyr.o)
                0x0000a6c0                _isatty_r
 .text._lseek_r
                0x0000a6e4       0x28 c:/freescale/kds_3.0.0/toolchain/bin/../lib/gcc/arm-none-eabi/4.8.4/../../../../arm-none-eabi/lib/armv7e-m/fpu\libc.a(lib_a-lseekr.o)
                0x0000a6e4                _lseek_r
 .text._read_r  0x0000a70c       0x28 c:/freescale/kds_3.0.0/toolchain/bin/../lib/gcc/arm-none-eabi/4.8.4/../../../../arm-none-eabi/lib/armv7e-m/fpu\libc.a(lib_a-readr.o)
                0x0000a70c                _read_r
 .text._close   0x0000a734       0x10 c:/freescale/kds_3.0.0/toolchain/bin/../lib/gcc/arm-none-eabi/4.8.4/../../../../arm-none-eabi/lib/armv7e-m/fpu\libnosys.a(close.o)
                0x0000a734                _close
 .text._fstat   0x0000a744       0x10 c:/freescale/kds_3.0.0/toolchain/bin/../lib/gcc/arm-none-eabi/4.8.4/../../../../arm-none-eabi/lib/armv7e-m/fpu\libnosys.a(fstat.o)
                0x0000a744                _fstat
 .text._getpid  0x0000a754       0x10 c:/freescale/kds_3.0.0/toolchain/bin/../lib/gcc/arm-none-eabi/4.8.4/../../../../arm-none-eabi/lib/armv7e-m/fpu\libnosys.a(getpid.o)
                0x0000a754                _getpid
 .text._isatty  0x0000a764       0x10 c:/freescale/kds_3.0.0/toolchain/bin/../lib/gcc/arm-none-eabi/4.8.4/../../../../arm-none-eabi/lib/armv7e-m/fpu\libnosys.a(isatty.o)
                0x0000a764                _isatty
 .text._kill    0x0000a774       0x10 c:/freescale/kds_3.0.0/toolchain/bin/../lib/gcc/arm-none-eabi/4.8.4/../../../../arm-none-eabi/lib/armv7e-m/fpu\libnosys.a(kill.o)
                0x0000a774                _kill
 .text._lseek   0x0000a784       0x10 c:/freescale/kds_3.0.0/toolchain/bin/../lib/gcc/arm-none-eabi/4.8.4/../../../../arm-none-eabi/lib/armv7e-m/fpu\libnosys.a(lseek.o)
                0x0000a784                _lseek
 *(.rodata)
 .rodata        0x0000a794       0x40 ./Sources/main.o
 .rodata        0x0000a7d4       0x50 ./KSDK_Files/board.o
 .rodata        0x0000a824       0x44 ./KSDK_Files/pin_mux.o
 .rodata        0x0000a868       0x58 ./BSP_Files/init_bsp.o
 .rodata        0x0000a8c0        0xc ./BSP_Files/mqx_main.o
 .rodata        0x0000a8cc       0x7c C:/Freescale/KSDK_1.2.0/rtos/mqx/lib/frdmk64f.kds/debug/mqx/lib_mqx.a(nio_tty.o)
 .rodata        0x0000a948      0x2d8 C:/Freescale/KSDK_1.2.0/rtos/mqx/lib/frdmk64f.kds/debug/mqx/lib_mqx.a(nio_serial.o)
 .rodata        0x0000ac20       0x64 C:/Freescale/KSDK_1.2.0/rtos/mqx/lib/frdmk64f.kds/debug/mqx/lib_mqx.a(nio.o)
 .rodata        0x0000ac84       0x98 C:/Freescale/KSDK_1.2.0/rtos/mqx/lib/frdmk64f.kds/debug/mqx/lib_mqx.a(mqx.o)
 .rodata        0x0000ad1c       0xc4 C:/Freescale/KSDK_1.2.0/rtos/mqx/lib/frdmk64f.kds/debug/mqx/lib_mqx.a(task.o)
 .rodata        0x0000ade0       0x50 C:/Freescale/KSDK_1.2.0/rtos/mqx/lib/frdmk64f.kds/debug/mqx/lib_mqx.a(inittask.o)
 *(.rodata*)
 .rodata.MQX_template_list
                0x0000ae30       0x60 ./Sources/main.o
                0x0000ae30                MQX_template_list
 .rodata.g_defaultClockConfigRun
                0x0000ae90       0x18 ./KSDK_Files/board.o
                0x0000ae90                g_defaultClockConfigRun
 .rodata.__func__.6383
                0x0000aea8       0x14 ./KSDK_Files/board.o
 .rodata.__func__.6351
                0x0000aebc       0x14 ./KSDK_Files/pin_mux.o
 .rodata.nio_serial_default_init
                0x0000aed0       0x20 ./BSP_Files/init_bsp.o
                0x0000aed0                nio_serial_default_init
 .rodata.__func__.10092
                0x0000aef0       0x18 ./BSP_Files/init_bsp.o
 .rodata.MQX_init_struct
                0x0000af08       0x30 ./BSP_Files/mqx_main.o
                0x0000af08                MQX_init_struct
 .rodata.g_mpuBase
                0x0000af38        0x4 C:/Freescale/KSDK_1.2.0/lib/ksdk_mqx_lib/kds/K64F12/debug/libksdk_platform_mqx.a(fsl_mpu_common.o)
                0x0000af38                g_mpuBase
 .rodata.__func__.7708
                0x0000af3c       0x14 C:/Freescale/KSDK_1.2.0/lib/ksdk_mqx_lib/kds/K64F12/debug/libksdk_platform_mqx.a(fsl_hwtimer.o)
 .rodata.str1.1
                0x0000af50      0x117 C:/Freescale/KSDK_1.2.0/lib/ksdk_mqx_lib/kds/K64F12/debug/libksdk_platform_mqx.a(fsl_hwtimer.o)
 .rodata.__func__.7686
                0x0000b067       0x16 C:/Freescale/KSDK_1.2.0/lib/ksdk_mqx_lib/kds/K64F12/debug/libksdk_platform_mqx.a(fsl_hwtimer.o)
 .rodata.__func__.7695
                0x0000b07d       0x12 C:/Freescale/KSDK_1.2.0/lib/ksdk_mqx_lib/kds/K64F12/debug/libksdk_platform_mqx.a(fsl_hwtimer.o)
 .rodata.__func__.7676
                0x0000b08f       0x11 C:/Freescale/KSDK_1.2.0/lib/ksdk_mqx_lib/kds/K64F12/debug/libksdk_platform_mqx.a(fsl_hwtimer.o)
 .rodata.__func__.7681
                0x0000b0a0       0x13 C:/Freescale/KSDK_1.2.0/lib/ksdk_mqx_lib/kds/K64F12/debug/libksdk_platform_mqx.a(fsl_hwtimer.o)
 .rodata.__func__.9272
                0x0000b0b3       0x18 C:/Freescale/KSDK_1.2.0/lib/ksdk_mqx_lib/kds/K64F12/debug/libksdk_platform_mqx.a(fsl_hwtimer_systick.o)
 .rodata.__func__.9291
                0x0000b0cb       0x18 C:/Freescale/KSDK_1.2.0/lib/ksdk_mqx_lib/kds/K64F12/debug/libksdk_platform_mqx.a(fsl_hwtimer_systick.o)
 *fill*         0x0000b0e3        0x1 
 .rodata.kSystickDevif
                0x0000b0e4       0x18 C:/Freescale/KSDK_1.2.0/lib/ksdk_mqx_lib/kds/K64F12/debug/libksdk_platform_mqx.a(fsl_hwtimer_systick.o)
                0x0000b0e4                kSystickDevif
 .rodata.__func__.9287
                0x0000b0fc       0x19 C:/Freescale/KSDK_1.2.0/lib/ksdk_mqx_lib/kds/K64F12/debug/libksdk_platform_mqx.a(fsl_hwtimer_systick.o)
 .rodata.str1.1
                0x0000b115       0x67 C:/Freescale/KSDK_1.2.0/lib/ksdk_mqx_lib/kds/K64F12/debug/libksdk_platform_mqx.a(fsl_hwtimer_systick.o)
 .rodata.__func__.9297
                0x0000b17c       0x1b C:/Freescale/KSDK_1.2.0/lib/ksdk_mqx_lib/kds/K64F12/debug/libksdk_platform_mqx.a(fsl_hwtimer_systick.o)
 .rodata.__func__.9277
                0x0000b197       0x1a C:/Freescale/KSDK_1.2.0/lib/ksdk_mqx_lib/kds/K64F12/debug/libksdk_platform_mqx.a(fsl_hwtimer_systick.o)
 .rodata.__func__.9282
                0x0000b1b1       0x1a C:/Freescale/KSDK_1.2.0/lib/ksdk_mqx_lib/kds/K64F12/debug/libksdk_platform_mqx.a(fsl_hwtimer_systick.o)
 .rodata.__func__.7832
                0x0000b1cb       0x1a C:/Freescale/KSDK_1.2.0/lib/ksdk_mqx_lib/kds/K64F12/debug/libksdk_platform_mqx.a(fsl_clock_MK64F12.o)
 .rodata.uartGateTable
                0x0000b1e5        0x6 C:/Freescale/KSDK_1.2.0/lib/ksdk_mqx_lib/kds/K64F12/debug/libksdk_platform_mqx.a(fsl_clock_MK64F12.o)
 .rodata.__func__.7754
                0x0000b1eb       0x1a C:/Freescale/KSDK_1.2.0/lib/ksdk_mqx_lib/kds/K64F12/debug/libksdk_platform_mqx.a(fsl_clock_MK64F12.o)
 .rodata.str1.1
                0x0000b205      0x1e9 C:/Freescale/KSDK_1.2.0/lib/ksdk_mqx_lib/kds/K64F12/debug/libksdk_platform_mqx.a(fsl_clock_MK64F12.o)
 .rodata.portGateTable
                0x0000b3ee        0x5 C:/Freescale/KSDK_1.2.0/lib/ksdk_mqx_lib/kds/K64F12/debug/libksdk_platform_mqx.a(fsl_clock_MK64F12.o)
 .rodata.__func__.7599
                0x0000b3f3       0x1b C:/Freescale/KSDK_1.2.0/lib/ksdk_mqx_lib/kds/K64F12/debug/libksdk_platform_mqx.a(fsl_clock_MK64F12.o)
 .rodata.__func__.7836
                0x0000b40e       0x1b C:/Freescale/KSDK_1.2.0/lib/ksdk_mqx_lib/kds/K64F12/debug/libksdk_platform_mqx.a(fsl_clock_MK64F12.o)
 .rodata.__func__.7840
                0x0000b429       0x19 C:/Freescale/KSDK_1.2.0/lib/ksdk_mqx_lib/kds/K64F12/debug/libksdk_platform_mqx.a(fsl_clock_MK64F12.o)
 .rodata.__func__.9376
                0x0000b442       0x12 C:/Freescale/KSDK_1.2.0/lib/ksdk_mqx_lib/kds/K64F12/debug/libksdk_platform_mqx.a(fsl_clock_manager.o)
 .rodata.__func__.9393
                0x0000b454       0x15 C:/Freescale/KSDK_1.2.0/lib/ksdk_mqx_lib/kds/K64F12/debug/libksdk_platform_mqx.a(fsl_clock_manager.o)
 .rodata.str1.1
                0x0000b469       0xaf C:/Freescale/KSDK_1.2.0/lib/ksdk_mqx_lib/kds/K64F12/debug/libksdk_platform_mqx.a(fsl_clock_manager.o)
 .rodata.g_oscBase
                0x0000b518        0x4 C:/Freescale/KSDK_1.2.0/lib/ksdk_mqx_lib/kds/K64F12/debug/libksdk_platform_mqx.a(fsl_clock_manager_common.o)
                0x0000b518                g_oscBase
 .rodata.str1.1
                0x0000b51c       0x61 C:/Freescale/KSDK_1.2.0/lib/ksdk_mqx_lib/kds/K64F12/debug/libksdk_platform_mqx.a(fsl_os_abstraction_mqx.o)
 .rodata.__func__.7627
                0x0000b57d        0xe C:/Freescale/KSDK_1.2.0/lib/ksdk_mqx_lib/kds/K64F12/debug/libksdk_platform_mqx.a(fsl_os_abstraction_mqx.o)
 .rodata.__func__.7633
                0x0000b58b       0x10 C:/Freescale/KSDK_1.2.0/lib/ksdk_mqx_lib/kds/K64F12/debug/libksdk_platform_mqx.a(fsl_os_abstraction_mqx.o)
 .rodata.__func__.7638
                0x0000b59b       0x11 C:/Freescale/KSDK_1.2.0/lib/ksdk_mqx_lib/kds/K64F12/debug/libksdk_platform_mqx.a(fsl_os_abstraction_mqx.o)
 .rodata.g_rtcBase
                0x0000b5ac        0x4 C:/Freescale/KSDK_1.2.0/lib/ksdk_mqx_lib/kds/K64F12/debug/libksdk_platform_mqx.a(fsl_rtc_common.o)
                0x0000b5ac                g_rtcBase
 .rodata.fllFactorTable.6324
                0x0000b5b0       0x10 C:/Freescale/KSDK_1.2.0/lib/ksdk_mqx_lib/kds/K64F12/debug/libksdk_platform_mqx.a(fsl_mcg_hal.o)
 .rodata.nio_tty_dev_fn
                0x0000b5c0       0x20 C:/Freescale/KSDK_1.2.0/rtos/mqx/lib/frdmk64f.kds/debug/mqx/lib_mqx.a(nio_tty.o)
                0x0000b5c0                nio_tty_dev_fn
 .rodata.__func__.7879
                0x0000b5e0       0x10 C:/Freescale/KSDK_1.2.0/rtos/mqx/lib/frdmk64f.kds/debug/mqx/lib_mqx.a(nio_tty.o)
 .rodata.__func__.7894
                0x0000b5f0       0x10 C:/Freescale/KSDK_1.2.0/rtos/mqx/lib/frdmk64f.kds/debug/mqx/lib_mqx.a(nio_tty.o)
 .rodata.__func__.7911
                0x0000b600       0x10 C:/Freescale/KSDK_1.2.0/rtos/mqx/lib/frdmk64f.kds/debug/mqx/lib_mqx.a(nio_tty.o)
 .rodata.__func__.7925
                0x0000b610       0x10 C:/Freescale/KSDK_1.2.0/rtos/mqx/lib/frdmk64f.kds/debug/mqx/lib_mqx.a(nio_tty.o)
 .rodata.__func__.7937
                0x0000b620       0x10 C:/Freescale/KSDK_1.2.0/rtos/mqx/lib/frdmk64f.kds/debug/mqx/lib_mqx.a(nio_tty.o)
 .rodata.__func__.7946
                0x0000b630       0x10 C:/Freescale/KSDK_1.2.0/rtos/mqx/lib/frdmk64f.kds/debug/mqx/lib_mqx.a(nio_tty.o)
 .rodata.nio_serial_dev_fn
                0x0000b640       0x20 C:/Freescale/KSDK_1.2.0/rtos/mqx/lib/frdmk64f.kds/debug/mqx/lib_mqx.a(nio_serial.o)
                0x0000b640                nio_serial_dev_fn
 .rodata.__func__.8505
                0x0000b660       0x10 C:/Freescale/KSDK_1.2.0/rtos/mqx/lib/frdmk64f.kds/debug/mqx/lib_mqx.a(nio_serial.o)
 .rodata.__func__.8527
                0x0000b670       0x14 C:/Freescale/KSDK_1.2.0/rtos/mqx/lib/frdmk64f.kds/debug/mqx/lib_mqx.a(nio_serial.o)
 .rodata.__func__.8552
                0x0000b684       0x14 C:/Freescale/KSDK_1.2.0/rtos/mqx/lib/frdmk64f.kds/debug/mqx/lib_mqx.a(nio_serial.o)
 .rodata.__func__.8578
                0x0000b698       0x18 C:/Freescale/KSDK_1.2.0/rtos/mqx/lib/frdmk64f.kds/debug/mqx/lib_mqx.a(nio_serial.o)
 .rodata.__func__.8589
                0x0000b6b0       0x10 C:/Freescale/KSDK_1.2.0/rtos/mqx/lib/frdmk64f.kds/debug/mqx/lib_mqx.a(nio_serial.o)
 .rodata.__func__.8617
                0x0000b6c0       0x14 C:/Freescale/KSDK_1.2.0/rtos/mqx/lib/frdmk64f.kds/debug/mqx/lib_mqx.a(nio_serial.o)
 .rodata.__func__.8622
                0x0000b6d4       0x18 C:/Freescale/KSDK_1.2.0/rtos/mqx/lib/frdmk64f.kds/debug/mqx/lib_mqx.a(nio_serial.o)
 .rodata.__func__.8635
                0x0000b6ec       0x18 C:/Freescale/KSDK_1.2.0/rtos/mqx/lib/frdmk64f.kds/debug/mqx/lib_mqx.a(nio_serial.o)
 .rodata.nio_dummy_dev_fn
                0x0000b704       0x20 C:/Freescale/KSDK_1.2.0/rtos/mqx/lib/frdmk64f.kds/debug/mqx/lib_mqx.a(nio_dummy.o)
                0x0000b704                nio_dummy_dev_fn
 .rodata.__func__.8216
                0x0000b724       0x10 C:/Freescale/KSDK_1.2.0/rtos/mqx/lib/frdmk64f.kds/debug/mqx/lib_mqx.a(nio.o)
 .rodata.__func__.8221
                0x0000b734       0x10 C:/Freescale/KSDK_1.2.0/rtos/mqx/lib/frdmk64f.kds/debug/mqx/lib_mqx.a(nio.o)
 .rodata.__func__.8242
                0x0000b744        0x8 C:/Freescale/KSDK_1.2.0/rtos/mqx/lib/frdmk64f.kds/debug/mqx/lib_mqx.a(nio.o)
 .rodata.__func__.8247
                0x0000b74c        0xc C:/Freescale/KSDK_1.2.0/rtos/mqx/lib/frdmk64f.kds/debug/mqx/lib_mqx.a(nio.o)
 .rodata.__func__.8326
                0x0000b758       0x14 C:/Freescale/KSDK_1.2.0/rtos/mqx/lib/frdmk64f.kds/debug/mqx/lib_mqx.a(nio.o)
 .rodata._mqx_version_number
                0x0000b76c        0x4 C:/Freescale/KSDK_1.2.0/rtos/mqx/lib/frdmk64f.kds/debug/mqx/lib_mqx.a(mqx.o)
                0x0000b76c                _mqx_version_number
 .rodata._mqx_vendor
                0x0000b770        0x4 C:/Freescale/KSDK_1.2.0/rtos/mqx/lib/frdmk64f.kds/debug/mqx/lib_mqx.a(mqx.o)
                0x0000b770                _mqx_vendor
 .rodata.__func__.7909
                0x0000b774       0x18 C:/Freescale/KSDK_1.2.0/rtos/mqx/lib/frdmk64f.kds/debug/mqx/lib_mqx.a(task.o)
 .rodata.__func__.8209
                0x0000b78c       0x14 C:/Freescale/KSDK_1.2.0/rtos/mqx/lib/frdmk64f.kds/debug/mqx/lib_mqx.a(task.o)
 .rodata.__func__.8194
                0x0000b7a0       0x10 C:/Freescale/KSDK_1.2.0/rtos/mqx/lib/frdmk64f.kds/debug/mqx/lib_mqx.a(inittask.o)
 .rodata.g_uartBase
                0x0000b7b0       0x18 C:\Freescale\KSDK_1.2.0\lib\ksdk_mqx_lib\kds\K64F12\debug\libksdk_platform_mqx.a(fsl_uart_common.o)
                0x0000b7b0                g_uartBase
 .rodata.__func__.9701
                0x0000b7c8       0x13 C:\Freescale\KSDK_1.2.0\lib\ksdk_mqx_lib\kds\K64F12\debug\libksdk_platform_mqx.a(fsl_uart_driver.o)
 .rodata.__func__.9724
                0x0000b7db        0xe C:\Freescale\KSDK_1.2.0\lib\ksdk_mqx_lib\kds\K64F12\debug\libksdk_platform_mqx.a(fsl_uart_driver.o)
 .rodata.__func__.9781
                0x0000b7e9       0x12 C:\Freescale\KSDK_1.2.0\lib\ksdk_mqx_lib\kds\K64F12\debug\libksdk_platform_mqx.a(fsl_uart_driver.o)
 .rodata.__func__.9747
                0x0000b7fb       0x1b C:\Freescale\KSDK_1.2.0\lib\ksdk_mqx_lib\kds\K64F12\debug\libksdk_platform_mqx.a(fsl_uart_driver.o)
 .rodata.str1.1
                0x0000b816      0x11a C:\Freescale\KSDK_1.2.0\lib\ksdk_mqx_lib\kds\K64F12\debug\libksdk_platform_mqx.a(fsl_uart_driver.o)
 .rodata.__func__.9731
                0x0000b930       0x10 C:\Freescale\KSDK_1.2.0\lib\ksdk_mqx_lib\kds\K64F12\debug\libksdk_platform_mqx.a(fsl_uart_driver.o)
 .rodata.__func__.9847
                0x0000b940       0x1a C:\Freescale\KSDK_1.2.0\lib\ksdk_mqx_lib\kds\K64F12\debug\libksdk_platform_mqx.a(fsl_uart_driver.o)
 .rodata.__func__.9855
                0x0000b95a       0x17 C:\Freescale\KSDK_1.2.0\lib\ksdk_mqx_lib\kds\K64F12\debug\libksdk_platform_mqx.a(fsl_uart_driver.o)
 .rodata.__func__.9861
                0x0000b971       0x1d C:\Freescale\KSDK_1.2.0\lib\ksdk_mqx_lib\kds\K64F12\debug\libksdk_platform_mqx.a(fsl_uart_driver.o)
 .rodata.__func__.9757
                0x0000b98e       0x1b C:\Freescale\KSDK_1.2.0\lib\ksdk_mqx_lib\kds\K64F12\debug\libksdk_platform_mqx.a(fsl_uart_driver.o)
 .rodata.__func__.9697
                0x0000b9a9       0x12 C:\Freescale\KSDK_1.2.0\lib\ksdk_mqx_lib\kds\K64F12\debug\libksdk_platform_mqx.a(fsl_uart_driver.o)
 *fill*         0x0000b9bb        0x1 
 .rodata.str1.4
                0x0000b9bc       0x3f c:/freescale/kds_3.0.0/toolchain/bin/../lib/gcc/arm-none-eabi/4.8.4/../../../../arm-none-eabi/lib/armv7e-m/fpu\libc.a(lib_a-assert.o)
                                 0x44 (size before relaxing)
 *fill*         0x0000b9fb        0x1 
 .rodata.str1.4
                0x0000b9fc        0x2 c:/freescale/kds_3.0.0/toolchain/bin/../lib/gcc/arm-none-eabi/4.8.4/../../../../arm-none-eabi/lib/armv7e-m/fpu\libc.a(lib_a-impure.o)
                                  0x4 (size before relaxing)
 *fill*         0x0000b9fe        0x2 
 .rodata._global_impure_ptr
                0x0000ba00        0x4 c:/freescale/kds_3.0.0/toolchain/bin/../lib/gcc/arm-none-eabi/4.8.4/../../../../arm-none-eabi/lib/armv7e-m/fpu\libc.a(lib_a-impure.o)
                0x0000ba00                _global_impure_ptr
 .rodata.str1.4
                0x0000ba04       0x30 c:/freescale/kds_3.0.0/toolchain/bin/../lib/gcc/arm-none-eabi/4.8.4/../../../../arm-none-eabi/lib/armv7e-m/fpu\libc.a(lib_a-vfiprintf.o)
 .rodata.zeroes.6721
                0x0000ba34       0x10 c:/freescale/kds_3.0.0/toolchain/bin/../lib/gcc/arm-none-eabi/4.8.4/../../../../arm-none-eabi/lib/armv7e-m/fpu\libc.a(lib_a-vfiprintf.o)
 .rodata.blanks.6720
                0x0000ba44       0x10 c:/freescale/kds_3.0.0/toolchain/bin/../lib/gcc/arm-none-eabi/4.8.4/../../../../arm-none-eabi/lib/armv7e-m/fpu\libc.a(lib_a-vfiprintf.o)
 *(.glue_7)
 .glue_7        0x00000000        0x0 linker stubs
 *(.glue_7t)
 .glue_7t       0x00000000        0x0 linker stubs
 *(.eh_frame)
 *(.init)
 *(.fini)
                0x0000ba54                . = ALIGN (0x4)

.vfp11_veneer   0x0000ba54        0x0
 .vfp11_veneer  0x00000000        0x0 linker stubs

.v4_bx          0x0000ba54        0x0
 .v4_bx         0x00000000        0x0 linker stubs

.iplt           0x0000ba54        0x0
 .iplt          0x00000000        0x0 ./Sources/main.o

.ARM.extab
 *(.ARM.extab* .gnu.linkonce.armextab.*)

.ARM            0x0000ba54        0x8
                0x0000ba54                __exidx_start = .
 *(.ARM.exidx*)
 .ARM.exidx     0x0000ba54        0x8 c:/freescale/kds_3.0.0/toolchain/bin/../lib/gcc/arm-none-eabi/4.8.4/armv7e-m/fpu\libgcc.a(_divdi3.o)
 .ARM.exidx     0x0000ba5c        0x0 c:/freescale/kds_3.0.0/toolchain/bin/../lib/gcc/arm-none-eabi/4.8.4/armv7e-m/fpu\libgcc.a(_udivdi3.o)
                                  0x8 (size before relaxing)
                0x0000ba5c                __exidx_end = .

.rel.dyn        0x0000ba5c        0x0
 .rel.iplt      0x00000000        0x0 ./Sources/main.o

.ctors          0x0000ba5c        0x0
                0x0000ba5c                __CTOR_LIST__ = .
 *crtbegin.o(.ctors)
 *crtbegin?.o(.ctors)
 *(EXCLUDE_FILE(*crtend.o *crtend?.o) .ctors)
 *(SORT(.ctors.*))
 *(.ctors)
                0x0000ba5c                __CTOR_END__ = .

.dtors          0x0000ba5c        0x0
                0x0000ba5c                __DTOR_LIST__ = .
 *crtbegin.o(.dtors)
 *crtbegin?.o(.dtors)
 *(EXCLUDE_FILE(*crtend.o *crtend?.o) .dtors)
 *(SORT(.dtors.*))
 *(.dtors)
                0x0000ba5c                __DTOR_END__ = .

.preinit_array  0x0000ba5c        0x0
                0x0000ba5c                PROVIDE (__preinit_array_start, .)
 *(.preinit_array*)
                0x0000ba5c                PROVIDE (__preinit_array_end, .)

.init_array     0x0000ba5c        0x4
                0x0000ba5c                PROVIDE (__init_array_start, .)
 *(SORT(.init_array.*))
 .init_array.00000
                0x0000ba5c        0x4 c:/freescale/kds_3.0.0/toolchain/bin/../lib/gcc/arm-none-eabi/4.8.4/../../../../arm-none-eabi/lib/armv7e-m/fpu\libc.a(lib_a-__call_atexit.o)
 *(.init_array*)
                0x0000ba60                PROVIDE (__init_array_end, .)

.fini_array     0x0000ba60        0x0
                0x0000ba60                PROVIDE (__fini_array_start, .)
 *(SORT(.fini_array.*))
 *(.fini_array*)
                0x0000ba60                PROVIDE (__fini_array_end, .)
                0x0000ba60                __etext = .
                0x0000ba60                __DATA_ROM = .

.interrupts_ram
                0x1fff0000        0x0
                0x1fff0000                . = ALIGN (0x4)
                0x1fff0000                __VECTOR_RAM__ = .
                0x1fff0000                __interrupts_ram_start__ = .
 *(.m_interrupts_ram)
                0x1fff0000                . = (. + M_VECTOR_RAM_SIZE)
                0x1fff0000                . = ALIGN (0x4)
                0x1fff0000                __interrupts_ram_end__ = .
                0x00000000                __VECTOR_RAM = DEFINED (__ram_vector_table__)?__VECTOR_RAM__:ORIGIN (m_interrupts)
                0x00000000                __RAM_VECTOR_TABLE_SIZE_BYTES = DEFINED (__ram_vector_table__)?(__interrupts_ram_end__ - __interrupts_ram_start__):0x0

.data           0x1fff0000      0x8ec load address 0x0000ba60
                0x1fff0000                . = ALIGN (0x4)
                0x1fff0000                __DATA_RAM = .
                0x1fff0000                __data_start__ = .
 *(.data)
 *(.data*)
 .data.g_slowInternalRefClkFreq
                0x1fff0000        0x4 C:/Freescale/KSDK_1.2.0/lib/ksdk_mqx_lib/kds/K64F12/debug/libksdk_platform_mqx.a(fsl_mcg_hal.o)
                0x1fff0000                g_slowInternalRefClkFreq
 .data.g_fastInternalRefClkFreq
                0x1fff0004        0x4 C:/Freescale/KSDK_1.2.0/lib/ksdk_mqx_lib/kds/K64F12/debug/libksdk_platform_mqx.a(fsl_mcg_hal.o)
                0x1fff0004                g_fastInternalRefClkFreq
 .data._stdin   0x1fff0008       0x10 C:/Freescale/KSDK_1.2.0/rtos/mqx/lib/frdmk64f.kds/debug/mqx_stdlib/lib_mqx_stdlib.a(stdio.o)
 .data._stdout  0x1fff0018       0x10 C:/Freescale/KSDK_1.2.0/rtos/mqx/lib/frdmk64f.kds/debug/mqx_stdlib/lib_mqx_stdlib.a(stdio.o)
 .data._stderr  0x1fff0028       0x10 C:/Freescale/KSDK_1.2.0/rtos/mqx/lib/frdmk64f.kds/debug/mqx_stdlib/lib_mqx_stdlib.a(stdio.o)
 .data._files   0x1fff0038       0x40 C:/Freescale/KSDK_1.2.0/rtos/mqx/lib/frdmk64f.kds/debug/mqx_stdlib/lib_mqx_stdlib.a(stdio.o)
                0x1fff0038                _files
 .data._mqx_kernel_data
                0x1fff0078        0x4 C:/Freescale/KSDK_1.2.0/rtos/mqx/lib/frdmk64f.kds/debug/mqx/lib_mqx.a(mqx.o)
                0x1fff0078                _mqx_kernel_data
 .data.SystemCoreClock
                0x1fff007c        0x4 C:/Freescale/KSDK_1.2.0/rtos/mqx/lib/frdmk64f.kds/debug/mqx/lib_mqx.a(system_MK64F12.o)
                0x1fff007c                SystemCoreClock
 .data.g_uartRxTxIrqId